Microchip MPLAB XC8 Compiler V1.20 ()

Linker command line:

--edf=C:\Program Files (x86)\Microchip\xc8\v1.20\dat\en_msgs.txt -cs \
  -h+dist/default/production\Code.production.sym \
  --cmf=dist/default/production\Code.production.cmf -z -Q16F88 \
  -oC:\Users\Ryan\AppData\Local\Temp\s3qg.6 \
  -Mdist/default/production/Code.production.map -E1 -ver=XC8 \
  -ACONST=00h-0FFhx16 -ACODE=00h-07FFhx2 -ASTRCODE=00h-0FFFh \
  -AENTRY=00h-0FFhx16 -ASTRING=00h-0FFhx16 -ACOMMON=070h-07Fh \
  -ABANK0=020h-06Fh -ABANK1=0A0h-0EFh -ABANK2=0110h-016Fh \
  -ABANK3=0190h-01EFh -ARAM=020h-06Fh,0A0h-0EFh,0110h-016Fh,0190h-01EFh \
  -AABS1=020h-07Fh,0A0h-0EFh,0110h-016Fh,0190h-01EFh -ASFR0=00h-01Fh \
  -ASFR1=080h-09Fh -ASFR2=0100h-010Fh -ASFR3=0180h-018Fh \
  -preset_vec=00h,intentry=04h,init,end_init -ppowerup=CODE -pfunctab=CODE \
  -ACONFIG=02007h-02008h -pconfig=CONFIG -DCONFIG=2 -AIDLOC=02000h-02003h \
  -pidloc=IDLOC -DIDLOC=2 -AEEDATA=00h-0FFh/02100h -peeprom_data=EEDATA \
  -DEEDATA=2 -DCODE=2 -DSTRCODE=2 -DSTRING=2 -DCONST=2 -DENTRY=2 -k \
  C:\Users\Ryan\AppData\Local\Temp\s3qg.obj \
  dist/default/production\Code.production.obj \
  ..\..\..\..\..\..\..\Program Files (x86)\Microchip\xc8\v1.20\lib\pic18-trace-obj.lib 

Object code version is 3.11

Machine type is 16F88



                Name                               Link     Load   Length Selector   Space Scale
C:\Users\Ryan\AppData\Local\Temp\s3qg.obj
                end_init                             11       11        2        8       0
                reset_vec                             0        0        2        0       0
                config                             2007     2007        2     400E       0
dist/default/production\Code.production.obj
                intentry                              4        4        D        8       0
                text15                              52D      52D       68        8       0
                text14                              129      129      108        8       0
                text13                              231      231       D0        8       0
                text12                              678      678       13        8       0
                text11                              42F      42F       80        8       0
                text10                              68B      68B        F        8       0
                text9                               6A3      6A3        9        8       0
                text8                               6B4      6B4        8        8       0
                text7                               65E      65E       1A        8       0
                text6                               301      301       A0        8       0
                text5                               639      639       25        8       0
                text4                               4AF      4AF       7E        8       0
                text3                               595      595       5D        8       0
                text2                                13       13      116        8       0
                text1                               3A1      3A1       8E        8       0
                maintext                            5F2      5F2       47        8       0
                cstackBANK0                          20       20       1E       20       1
                cstackCOMMON                         70       70        E       70       1
                cstackBANK1                          A0       A0       17       A0       1
                clrtext                             6AC      6AC        8        8       0
                bssBANK0                             3E       3E       19       20       1
                cinit                               69A      69A        9        8       0

..\..\..\..\..\..\..\Program Files (x86)\Microchip\xc8\v1.20\lib\pic18-trace-obj.lib

TOTAL           Name                               Link     Load   Length     Space
        CLASS   CONST          

        CLASS   CODE           
                end_init                             11       11        2         0
                intentry                              4        4        D         0
                reset_vec                             0        0        2         0
                text15                              52D      52D       68         0
                text14                              129      129      108         0
                text13                              231      231       D0         0
                text12                              678      678       13         0
                text11                              42F      42F       80         0
                text10                              68B      68B        F         0
                text9                               6A3      6A3        9         0
                text8                               6B4      6B4        8         0
                text7                               65E      65E       1A         0
                text6                               301      301       A0         0
                text5                               639      639       25         0
                text4                               4AF      4AF       7E         0
                text3                               595      595       5D         0
                text2                                13       13      116         0
                text1                               3A1      3A1       8E         0
                maintext                            5F2      5F2       47         0
                clrtext                             6AC      6AC        8         0
                cinit                               69A      69A        9         0

        CLASS   STRCODE        

        CLASS   ENTRY          

        CLASS   STRING         

        CLASS   COMMON         
                cstackCOMMON                         70       70        E         1

        CLASS   BANK0          
                cstackBANK0                          20       20       1E         1
                bssBANK0                             3E       3E       19         1

        CLASS   BANK1          
                cstackBANK1                          A0       A0       17         1

        CLASS   BANK2          

        CLASS   BANK3          

        CLASS   RAM            

        CLASS   ABS1           
                abs_s1                               7E       7E        2         1

        CLASS   SFR0           

        CLASS   SFR1           

        CLASS   SFR2           

        CLASS   SFR3           

        CLASS   CONFIG         
                config                             2007     2007        2         0

        CLASS   IDLOC          

        CLASS   EEDATA         



SEGMENTS        Name                           Load    Length   Top    Selector   Space  Class     Delta

                reset_vec                      000000  000002  000002         0       0  CODE        2
                intentry                       000004  0006B8  0006BC         8       0  CODE        2
                cstackBANK0                    000020  000037  000057        20       1  BANK0       1
                cstackCOMMON                   000070  00000E  00007E        70       1  COMMON      1
                cstackBANK1                    0000A0  000017  0000B7        A0       1  BANK1       1
                config                         002007  000002  002009      400E       0  CONFIG      2


UNUSED ADDRESS RANGES

        Name                Unused          Largest block    Delta
        BANK0            0057-006F             19           1
        BANK1            00B7-00EF             39           1
        BANK2            0110-016F             60           1
        BANK3            0190-01EF             60           1
        CODE             0002-0003              2           2
                         06BC-0FFF            144
        CONST            0002-0003              2           2
                         06BC-0FFF            100
        EEDATA           2100-21FF            100           2
        ENTRY            0002-0003              2           2
                         06BC-0FFF            100
        IDLOC            2000-2003              4           2
        RAM              0057-006F             19           1
                         00B7-00EF             39
                         0110-016F             60
                         0190-01EF             60
        SFR0             0000-001F             20           1
        SFR1             0080-009F             20           1
        SFR2             0100-010F             10           1
        SFR3             0180-018F             10           1
        STRCODE          0002-0003              2           2
                         06BC-0FFF            944
        STRING           0002-0003              2           2
                         06BC-0FFF            100

                                  Symbol Table

?___awdiv                  cstackBANK1  00A0
?___ftadd                  cstackBANK0  002A
?___ftmul                  cstackCOMMON 0078
?___ftpack                 cstackCOMMON 0070
?___fttol                  cstackBANK1  00A0
?___lwtoft                 cstackCOMMON 0078
?_fLCD_PrintNumber         cstackBANK1  00AE
?_fLCD_RawSend             cstackBANK1  00A0
_ANSEL                     (abs)        009B
_CMCON                     (abs)        009C
_GIE                       (abs)        005F
_INT0IE                    (abs)        005C
_INT0IF                    (abs)        0059
_INTCONbits                (abs)        000B
_OPTION_REG                (abs)        0081
_OPTION_REGbits            (abs)        0081
_OSCCON                    (abs)        008F
_PIE1bits                  (abs)        008C
_PIR1bits                  (abs)        000C
_PORTA                     (abs)        0005
_PORTAbits                 (abs)        0005
_PORTB                     (abs)        0006
_PORTBbits                 (abs)        0006
_RBIE                      (abs)        005B
_RBIF                      (abs)        0058
_T1CONbits                 (abs)        0010
_TMR0IE                    (abs)        005D
_TMR1                      (abs)        000E
_TMR1IE                    (abs)        0460
_TMR1IF                    (abs)        0060
_TRISA                     (abs)        0085
_TRISB                     (abs)        0086
__CFG_BOREN$ON             (abs)        0000
__CFG_CCPMX$RB0            (abs)        0000
__CFG_CP$OFF               (abs)        0000
__CFG_CPD$OFF              (abs)        0000
__CFG_FCMEN$ON             (abs)        0000
__CFG_FOSC$INTOSCIO        (abs)        0000
__CFG_IESO$ON              (abs)        0000
__CFG_LVP$OFF              (abs)        0000
__CFG_MCLRE$ON             (abs)        0000
__CFG_PWRTE$OFF            (abs)        0000
__CFG_WDTE$OFF             (abs)        0000
__CFG_WRT$OFF              (abs)        0000
__Habs1                    abs1         0000
__Hbank0                   bank0        0000
__Hbank1                   bank1        0000
__Hbank2                   bank2        0000
__Hbank3                   bank3        0000
__HbssBANK0                bssBANK0     0000
__Hcinit                   cinit        0000
__Hclrtext                 clrtext      0000
__Hcode                    code         0000
__Hcommon                  common       0000
__Hconfig                  config       2009
__HcstackBANK0             cstackBANK0  0000
__HcstackBANK1             cstackBANK1  0000
__HcstackCOMMON            cstackCOMMON 0000
__Heeprom_data             eeprom_data  0000
__Hend_init                end_init     0013
__Hfunctab                 functab      0000
__Hidloc                   idloc        0000
__Hinit                    init         0011
__Hintentry                intentry     0011
__Hmaintext                maintext     0000
__Hpowerup                 powerup      0000
__Hram                     ram          0000
__Hreset_vec               reset_vec    0002
__Hsfr0                    sfr0         0000
__Hsfr1                    sfr1         0000
__Hsfr2                    sfr2         0000
__Hsfr3                    sfr3         0000
__Hstrings                 strings      0000
__Htext                    text         0000
__Labs1                    abs1         0000
__Lbank0                   bank0        0000
__Lbank1                   bank1        0000
__Lbank2                   bank2        0000
__Lbank3                   bank3        0000
__LbssBANK0                bssBANK0     0000
__Lcinit                   cinit        0000
__Lclrtext                 clrtext      0000
__Lcode                    code         0000
__Lcommon                  common       0000
__Lconfig                  config       2007
__LcstackBANK0             cstackBANK0  0000
__LcstackBANK1             cstackBANK1  0000
__LcstackCOMMON            cstackCOMMON 0000
__Leeprom_data             eeprom_data  0000
__Lend_init                end_init     0011
__Lfunctab                 functab      0000
__Lidloc                   idloc        0000
__Linit                    init         0011
__Lintentry                intentry     0004
__Lmaintext                maintext     0000
__Lpowerup                 powerup      0000
__Lram                     ram          0000
__Lreset_vec               reset_vec    0000
__Lsfr0                    sfr0         0000
__Lsfr1                    sfr1         0000
__Lsfr2                    sfr2         0000
__Lsfr3                    sfr3         0000
__Lstrings                 strings      0000
__Ltext                    text         0000
__S0                       (abs)        2009
__S1                       (abs)        00B7
__S3                       (abs)        0000
___awdiv                   text3        0595
___awdiv@counter           cstackBANK1  00A5
___awdiv@dividend          cstackBANK1  00A2
___awdiv@divisor           cstackBANK1  00A0
___awdiv@quotient          cstackBANK1  00A7
___awdiv@sign              cstackBANK1  00A6
___ftadd                   text14       0129
___ftadd@exp1              cstackBANK0  0036
___ftadd@exp2              cstackBANK0  0035
___ftadd@f1                cstackBANK0  002A
___ftadd@f2                cstackBANK0  002D
___ftadd@sign              cstackBANK0  0034
___ftmul                   text13       0231
___ftmul@cntr              cstackBANK0  0028
___ftmul@exp               cstackBANK0  0024
___ftmul@f1                cstackCOMMON 0078
___ftmul@f2                cstackCOMMON 007B
___ftmul@f3_as_product     cstackBANK0  0025
___ftmul@sign              cstackBANK0  0029
___ftpack                  text15       052D
___ftpack@arg              cstackCOMMON 0070
___ftpack@exp              cstackCOMMON 0073
___ftpack@sign             cstackCOMMON 0074
___fttol                   text1        03A1
___fttol@exp1              cstackBANK1  00AD
___fttol@f1                cstackBANK1  00A0
___fttol@lval              cstackBANK1  00A9
___fttol@sign1             cstackBANK1  00A8
___latbits                 (abs)        0001
___lwtoft                  text12       0678
___lwtoft@c                cstackCOMMON 0078
__end_of___awdiv           text3        05F2
__end_of___ftadd           text14       0231
__end_of___ftmul           text13       0301
__end_of___ftpack          text15       0595
__end_of___fttol           text1        042F
__end_of___lwtoft          text12       068B
__end_of__initialization   cinit        06A0
__end_of_fLCD_Clear        text5        065E
__end_of_fLCD_PrintNumber  text2        0129
__end_of_fLCD_RawSend      text6        03A1
__end_of_fLCD_Start        text4        052D
__end_of_initializeInt     text10       069A
__end_of_initializeTimer0  text9        06AC
__end_of_initializeTimer1  text8        06BC
__end_of_isr               text11       04AF
__end_of_main              maintext     0639
__end_of_startUp           text7        0678
__initialization           cinit        069A
__pbssBANK0                bssBANK0     003E
__pcstackBANK0             cstackBANK0  0020
__pcstackBANK1             cstackBANK1  00A0
__pcstackCOMMON            cstackCOMMON 0070
__pintentry                intentry     0004
__pmaintext                maintext     05F2
__ptext0                   text0        0000
__ptext1                   text1        03A1
__ptext10                  text10       068B
__ptext11                  text11       042F
__ptext12                  text12       0678
__ptext13                  text13       0231
__ptext14                  text14       0129
__ptext15                  text15       052D
__ptext2                   text2        0013
__ptext3                   text3        0595
__ptext4                   text4        04AF
__ptext5                   text5        0639
__ptext6                   text6        0301
__ptext7                   text7        065E
__ptext8                   text8        06B4
__ptext9                   text9        06A3
__size_of___awdiv          (abs)        0000
__size_of___ftadd          (abs)        0000
__size_of___ftmul          (abs)        0000
__size_of___ftpack         (abs)        0000
__size_of___fttol          (abs)        0000
__size_of___lwtoft         (abs)        0000
__size_of_fLCD_Clear       (abs)        0000
__size_of_fLCD_PrintNumber (abs)        0000
__size_of_fLCD_RawSend     (abs)        0000
__size_of_fLCD_Start       (abs)        0000
__size_of_initializeInt    (abs)        0000
__size_of_initializeTimer0 (abs)        0000
__size_of_initializeTimer1 (abs)        0000
__size_of_isr              (abs)        0000
__size_of_main             (abs)        0000
__size_of_startUp          (abs)        0000
_a                         bssBANK0     003E
_b                         bssBANK0     0041
_count                     bssBANK0     0044
_fLCD_Clear                text5        0639
_fLCD_PrintNumber          text2        0013
_fLCD_RawSend              text6        0301
_fLCD_Start                text4        04AF
_fflag                     bssBANK0     0053
_fin                       bssBANK0     0047
_initializeInt             text10       068B
_initializeTimer0          text9        06A3
_initializeTimer1          text8        06B4
_isr                       text11       042F
_main                      maintext     05F2
_speed                     bssBANK0     004A
_startUp                   text7        065E
_tdist                     bssBANK0     004D
_tflag                     bssBANK0     0055
_time                      bssBANK0     0050
btemp                      (abs)        007E
clear_ram0                 clrtext      06AC
end_of_initialization      cinit        06A0
fLCD_PrintNumber@Number    cstackBANK1  00AE
fLCD_PrintNumber@tmp_byte  cstackBANK1  00B3
fLCD_PrintNumber@tmp_int   cstackBANK1  00B1
fLCD_RawSend@in            cstackBANK1  00A3
fLCD_RawSend@mask          cstackBANK1  00A0
fLCD_RawSend@pt            cstackBANK1  00A4
interrupt_function         intentry     0004
intlevel0                  functab      0000
intlevel1                  functab      0000
intlevel2                  functab      0000
intlevel3                  functab      0000
intlevel4                  functab      0000
intlevel5                  functab      0000
reset_vec                  reset_vec    0000
saved_w                    (abs)        007E
start                      init         0011
start_initialization       cinit        069A
wtemp0                     (abs)        007E


FUNCTION INFORMATION:

 *************** function _main *****************
 Defined at:
		line 69 in file "chrono.c"
 Parameters:    Size  Location     Type
		None
 Auto vars:     Size  Location     Type
		None
 Return value:  Size  Location     Type
		None               void
 Registers used:
		wreg, fsr0l, fsr0h, fsr1l, fsr1h, fsr1l, fsr1h, status,2, status,0, btemp+1, pclath, cstack
 Tracked objects:
		On entry : 
		On exit  : 
		Unchanged: 
 Data sizes:     COMMON   BANK0   BANK1   BANK3   BANK2
      Params:         0       0       0       0       0
      Locals:         0       0       0       0       0
      Temps:          0       0       3       0       0
      Totals:         0       0       3       0       0
Total ram usage:        3 bytes
 Hardware stack levels required when called:    6
 This function calls:
		_startUp
		_fLCD_Start
		_fLCD_PrintNumber
		_fLCD_Clear
		___fttol
 This function is called by:
		Startup code after reset
 This function uses a non-reentrant model


 *************** function ___fttol *****************
 Defined at:
		line 45 in file "C:\Program Files (x86)\Microchip\xc8\v1.20\sources\pic\fttol.c"
 Parameters:    Size  Location     Type
  f1              3    0[BANK1 ] float 
 Auto vars:     Size  Location     Type
  lval            4    9[BANK1 ] unsigned long 
  exp1            1   13[BANK1 ] unsigned char 
  sign1           1    8[BANK1 ] unsigned char 
 Return value:  Size  Location     Type
                  4    0[BANK1 ] long 
 Registers used:
		wreg, status,2, status,0
 Tracked objects:
		On entry : 
		On exit  : 
		Unchanged: 
 Data sizes:     COMMON   BANK0   BANK1   BANK3   BANK2
      Params:         0       0       4       0       0
      Locals:         0       0       6       0       0
      Temps:          0       0       4       0       0
      Totals:         0       0      14       0       0
Total ram usage:       14 bytes
 Hardware stack levels used:    1
 Hardware stack levels required when called:    3
 This function calls:
		Nothing
 This function is called by:
		_main
 This function uses a non-reentrant model


 *************** function _fLCD_PrintNumber *****************
 Defined at:
		line 210 in file "chrono.c"
 Parameters:    Size  Location     Type
  Number          2   14[BANK1 ] short 
 Auto vars:     Size  Location     Type
  tmp_int         2   17[BANK1 ] short 
  tmp_byte        1   19[BANK1 ] unsigned char 
 Return value:  Size  Location     Type
		None               void
 Registers used:
		wreg, status,2, status,0, btemp+1, pclath, cstack
 Tracked objects:
		On entry : 
		On exit  : 
		Unchanged: 
 Data sizes:     COMMON   BANK0   BANK1   BANK3   BANK2
      Params:         0       0       2       0       0
      Locals:         0       0       3       0       0
      Temps:          0       0       1       0       0
      Totals:         0       0       6       0       0
Total ram usage:        6 bytes
 Hardware stack levels used:    1
 Hardware stack levels required when called:    4
 This function calls:
		_fLCD_RawSend
		___awdiv
 This function is called by:
		_main
 This function uses a non-reentrant model


 *************** function ___awdiv *****************
 Defined at:
		line 5 in file "C:\Program Files (x86)\Microchip\xc8\v1.20\sources\pic\awdiv.c"
 Parameters:    Size  Location     Type
  divisor         2    0[BANK1 ] int 
  dividend        2    2[BANK1 ] int 
 Auto vars:     Size  Location     Type
  quotient        2    7[BANK1 ] int 
  sign            1    6[BANK1 ] unsigned char 
  counter         1    5[BANK1 ] unsigned char 
 Return value:  Size  Location     Type
                  2    0[BANK1 ] int 
 Registers used:
		wreg, status,2, status,0
 Tracked objects:
		On entry : 
		On exit  : 
		Unchanged: 
 Data sizes:     COMMON   BANK0   BANK1   BANK3   BANK2
      Params:         0       0       4       0       0
      Locals:         0       0       4       0       0
      Temps:          0       0       1       0       0
      Totals:         0       0       9       0       0
Total ram usage:        9 bytes
 Hardware stack levels used:    1
 Hardware stack levels required when called:    3
 This function calls:
		Nothing
 This function is called by:
		_fLCD_PrintNumber
 This function uses a non-reentrant model


 *************** function _fLCD_Start *****************
 Defined at:
		line 92 in file "chrono.c"
 Parameters:    Size  Location     Type
		None
 Auto vars:     Size  Location     Type
		None
 Return value:  Size  Location     Type
		None               void
 Registers used:
		wreg, status,2, status,0, pclath, cstack
 Tracked objects:
		On entry : 
		On exit  : 
		Unchanged: 
 Data sizes:     COMMON   BANK0   BANK1   BANK3   BANK2
      Params:         0       0       0       0       0
      Locals:         0       0       0       0       0
      Temps:          0       0       2       0       0
      Totals:         0       0       2       0       0
Total ram usage:        2 bytes
 Hardware stack levels used:    1
 Hardware stack levels required when called:    5
 This function calls:
		_fLCD_Clear
		_fLCD_RawSend
 This function is called by:
		_main
 This function uses a non-reentrant model


 *************** function _fLCD_Clear *****************
 Defined at:
		line 156 in file "chrono.c"
 Parameters:    Size  Location     Type
		None
 Auto vars:     Size  Location     Type
		None
 Return value:  Size  Location     Type
		None               void
 Registers used:
		wreg, status,2, status,0, pclath, cstack
 Tracked objects:
		On entry : 
		On exit  : 
		Unchanged: 
 Data sizes:     COMMON   BANK0   BANK1   BANK3   BANK2
      Params:         0       0       0       0       0
      Locals:         0       0       0       0       0
      Temps:          0       0       2       0       0
      Totals:         0       0       2       0       0
Total ram usage:        2 bytes
 Hardware stack levels used:    1
 Hardware stack levels required when called:    4
 This function calls:
		_fLCD_RawSend
 This function is called by:
		_main
		_fLCD_Start
 This function uses a non-reentrant model


 *************** function _fLCD_RawSend *****************
 Defined at:
		line 112 in file "chrono.c"
 Parameters:    Size  Location     Type
  in              1    wreg     unsigned char 
  mask            1    0[BANK1 ] unsigned char 
 Auto vars:     Size  Location     Type
  in              1    3[BANK1 ] unsigned char 
  pt              1    4[BANK1 ] unsigned char 
 Return value:  Size  Location     Type
		None               void
 Registers used:
		wreg, status,2, status,0
 Tracked objects:
		On entry : 
		On exit  : 
		Unchanged: 
 Data sizes:     COMMON   BANK0   BANK1   BANK3   BANK2
      Params:         0       0       1       0       0
      Locals:         0       0       2       0       0
      Temps:          0       0       2       0       0
      Totals:         0       0       5       0       0
Total ram usage:        5 bytes
 Hardware stack levels used:    1
 Hardware stack levels required when called:    3
 This function calls:
		Nothing
 This function is called by:
		_fLCD_Start
		_fLCD_Clear
		_fLCD_PrintNumber
		_fLCD_PrintASCII
		_fLCD_Command
		_fLCD_Cursor
		_fLCD_PrintString
		_fLCD_ClearLine
 This function uses a non-reentrant model


 *************** function _startUp *****************
 Defined at:
		line 322 in file "chrono.c"
 Parameters:    Size  Location     Type
		None
 Auto vars:     Size  Location     Type
		None
 Return value:  Size  Location     Type
		None               void
 Registers used:
		wreg, status,2, status,0, pclath, cstack
 Tracked objects:
		On entry : 
		On exit  : 
		Unchanged: 
 Data sizes:     COMMON   BANK0   BANK1   BANK3   BANK2
      Params:         0       0       0       0       0
      Locals:         0       0       0       0       0
      Temps:          0       0       0       0       0
      Totals:         0       0       0       0       0
Total ram usage:        0 bytes
 Hardware stack levels used:    1
 Hardware stack levels required when called:    4
 This function calls:
		_initializeInt
		_initializeTimer0
		_initializeTimer1
 This function is called by:
		_main
 This function uses a non-reentrant model


 *************** function _initializeTimer1 *****************
 Defined at:
		line 399 in file "chrono.c"
 Parameters:    Size  Location     Type
		None
 Auto vars:     Size  Location     Type
		None
 Return value:  Size  Location     Type
		None               void
 Registers used:
		wreg, status,2, status,0
 Tracked objects:
		On entry : 
		On exit  : 
		Unchanged: 
 Data sizes:     COMMON   BANK0   BANK1   BANK3   BANK2
      Params:         0       0       0       0       0
      Locals:         0       0       0       0       0
      Temps:          0       0       0       0       0
      Totals:         0       0       0       0       0
Total ram usage:        0 bytes
 Hardware stack levels used:    1
 Hardware stack levels required when called:    3
 This function calls:
		Nothing
 This function is called by:
		_startUp
 This function uses a non-reentrant model


 *************** function _initializeTimer0 *****************
 Defined at:
		line 407 in file "chrono.c"
 Parameters:    Size  Location     Type
		None
 Auto vars:     Size  Location     Type
		None
 Return value:  Size  Location     Type
		None               void
 Registers used:
		wreg, status,2, status,0
 Tracked objects:
		On entry : 
		On exit  : 
		Unchanged: 
 Data sizes:     COMMON   BANK0   BANK1   BANK3   BANK2
      Params:         0       0       0       0       0
      Locals:         0       0       0       0       0
      Temps:          0       0       0       0       0
      Totals:         0       0       0       0       0
Total ram usage:        0 bytes
 Hardware stack levels used:    1
 Hardware stack levels required when called:    3
 This function calls:
		Nothing
 This function is called by:
		_startUp
 This function uses a non-reentrant model


 *************** function _initializeInt *****************
 Defined at:
		line 388 in file "chrono.c"
 Parameters:    Size  Location     Type
		None
 Auto vars:     Size  Location     Type
		None
 Return value:  Size  Location     Type
		None               void
 Registers used:
		None
 Tracked objects:
		On entry : 
		On exit  : 
		Unchanged: 
 Data sizes:     COMMON   BANK0   BANK1   BANK3   BANK2
      Params:         0       0       0       0       0
      Locals:         0       0       0       0       0
      Temps:          0       0       0       0       0
      Totals:         0       0       0       0       0
Total ram usage:        0 bytes
 Hardware stack levels used:    1
 Hardware stack levels required when called:    3
 This function calls:
		Nothing
 This function is called by:
		_startUp
 This function uses a non-reentrant model


 *************** function _isr *****************
 Defined at:
		line 344 in file "chrono.c"
 Parameters:    Size  Location     Type
		None
 Auto vars:     Size  Location     Type
		None
 Return value:  Size  Location     Type
		None               void
 Registers used:
		wreg, status,2, status,0, pclath, cstack
 Tracked objects:
		On entry : 
		On exit  : 
		Unchanged: 
 Data sizes:     COMMON   BANK0   BANK1   BANK3   BANK2
      Params:         0       0       0       0       0
      Locals:         0       0       0       0       0
      Temps:          0       7       0       0       0
      Totals:         0       7       0       0       0
Total ram usage:        7 bytes
 Hardware stack levels used:    1
 Hardware stack levels required when called:    2
 This function calls:
		___ftadd
		___ftmul
		___lwtoft
 This function is called by:
		Interrupt level 1
 This function uses a non-reentrant model


 *************** function ___lwtoft *****************
 Defined at:
		line 29 in file "C:\Program Files (x86)\Microchip\xc8\v1.20\sources\pic\lwtoft.c"
 Parameters:    Size  Location     Type
  c               2    8[COMMON] unsigned int 
 Auto vars:     Size  Location     Type
		None
 Return value:  Size  Location     Type
                  3    8[COMMON] float 
 Registers used:
		wreg, status,2, status,0, pclath, cstack
 Tracked objects:
		On entry : 
		On exit  : 
		Unchanged: 
 Data sizes:     COMMON   BANK0   BANK1   BANK3   BANK2
      Params:         3       0       0       0       0
      Locals:         0       0       0       0       0
      Temps:          1       0       0       0       0
      Totals:         4       0       0       0       0
Total ram usage:        4 bytes
 Hardware stack levels used:    1
 Hardware stack levels required when called:    1
 This function calls:
		___ftpack
 This function is called by:
		_isr
 This function uses a non-reentrant model


 *************** function ___ftmul *****************
 Defined at:
		line 52 in file "C:\Program Files (x86)\Microchip\xc8\v1.20\sources\pic\ftmul.c"
 Parameters:    Size  Location     Type
  f1              3    8[COMMON] float 
  f2              3   11[COMMON] float 
 Auto vars:     Size  Location     Type
  f3_as_produc    3    5[BANK0 ] unsigned um
  sign            1    9[BANK0 ] unsigned char 
  cntr            1    8[BANK0 ] unsigned char 
  exp             1    4[BANK0 ] unsigned char 
 Return value:  Size  Location     Type
                  3    8[COMMON] float 
 Registers used:
		wreg, status,2, status,0, pclath, cstack
 Tracked objects:
		On entry : 
		On exit  : 
		Unchanged: 
 Data sizes:     COMMON   BANK0   BANK1   BANK3   BANK2
      Params:         6       0       0       0       0
      Locals:         0       6       0       0       0
      Temps:          0       4       0       0       0
      Totals:         6      10       0       0       0
Total ram usage:       16 bytes
 Hardware stack levels used:    1
 Hardware stack levels required when called:    1
 This function calls:
		___ftpack
 This function is called by:
		_isr
 This function uses a non-reentrant model


 *************** function ___ftadd *****************
 Defined at:
		line 87 in file "C:\Program Files (x86)\Microchip\xc8\v1.20\sources\pic\ftadd.c"
 Parameters:    Size  Location     Type
  f1              3   10[BANK0 ] float 
  f2              3   13[BANK0 ] float 
 Auto vars:     Size  Location     Type
  exp1            1   22[BANK0 ] unsigned char 
  exp2            1   21[BANK0 ] unsigned char 
  sign            1   20[BANK0 ] unsigned char 
 Return value:  Size  Location     Type
                  3   10[BANK0 ] float 
 Registers used:
		wreg, status,2, status,0, pclath, cstack
 Tracked objects:
		On entry : 
		On exit  : 
		Unchanged: 
 Data sizes:     COMMON   BANK0   BANK1   BANK3   BANK2
      Params:         0       6       0       0       0
      Locals:         0       3       0       0       0
      Temps:          0       4       0       0       0
      Totals:         0      13       0       0       0
Total ram usage:       13 bytes
 Hardware stack levels used:    1
 Hardware stack levels required when called:    1
 This function calls:
		___ftpack
 This function is called by:
		_isr
 This function uses a non-reentrant model


 *************** function ___ftpack *****************
 Defined at:
		line 63 in file "C:\Program Files (x86)\Microchip\xc8\v1.20\sources\pic\float.c"
 Parameters:    Size  Location     Type
  arg             3    0[COMMON] unsigned um
  exp             1    3[COMMON] unsigned char 
  sign            1    4[COMMON] unsigned char 
 Auto vars:     Size  Location     Type
		None
 Return value:  Size  Location     Type
                  3    0[COMMON] float 
 Registers used:
		wreg, status,2, status,0
 Tracked objects:
		On entry : 
		On exit  : 
		Unchanged: 
 Data sizes:     COMMON   BANK0   BANK1   BANK3   BANK2
      Params:         5       0       0       0       0
      Locals:         0       0       0       0       0
      Temps:          3       0       0       0       0
      Totals:         8       0       0       0       0
Total ram usage:        8 bytes
 Hardware stack levels used:    1
 This function calls:
		Nothing
 This function is called by:
		___ftadd
		___ftmul
		___lwtoft
 This function uses a non-reentrant model



MODULE INFORMATION

Module		Function		Class		Link	Load	Size
C:\Program Files (x86)\Microchip\xc8\v1.20\sources\pic\awdiv.c
		___awdiv       		CODE           	0595	0000	93

C:\Program Files (x86)\Microchip\xc8\v1.20\sources\pic\awdiv.c estimated size: 93

C:\Program Files (x86)\Microchip\xc8\v1.20\sources\pic\ftadd.c
		___ftadd       		CODE           	0129	0000	264

C:\Program Files (x86)\Microchip\xc8\v1.20\sources\pic\ftadd.c estimated size: 264

C:\Program Files (x86)\Microchip\xc8\v1.20\sources\pic\lwtoft.c
		___lwtoft      		CODE           	0678	0000	19

C:\Program Files (x86)\Microchip\xc8\v1.20\sources\pic\lwtoft.c estimated size: 19

C:\Program Files (x86)\Microchip\xc8\v1.20\sources\pic\float.c
		___ftpack      		CODE           	052D	0000	104

C:\Program Files (x86)\Microchip\xc8\v1.20\sources\pic\float.c estimated size: 104

shared
		__initializatio		CODE           	069A	0000	6

shared estimated size: 6

chrono.c
		_startUp       		CODE           	065E	0000	26
		_fLCD_Clear    		CODE           	0639	0000	37
		_fLCD_Start    		CODE           	04AF	0000	126
		_main          		CODE           	05F2	0000	71
		_isr           		CODE           	042F	0000	128
		_initializeTime		CODE           	06A3	0000	9
		_initializeTime		CODE           	06B4	0000	8
		_fLCD_RawSend  		CODE           	0301	0000	160
		_initializeInt 		CODE           	068B	0000	15
		_fLCD_PrintNumb		CODE           	0013	0000	278

chrono.c estimated size: 858

C:\Program Files (x86)\Microchip\xc8\v1.20\sources\pic\ftmul.c
		___ftmul       		CODE           	0231	0000	208

C:\Program Files (x86)\Microchip\xc8\v1.20\sources\pic\ftmul.c estimated size: 208

C:\Program Files (x86)\Microchip\xc8\v1.20\sources\pic\fttol.c
		___fttol       		CODE           	03A1	0000	142

C:\Program Files (x86)\Microchip\xc8\v1.20\sources\pic\fttol.c estimated size: 142

