Microchip MPLAB XC8 Compiler V1.20 ()

Linker command line:

--edf=C:\Program Files (x86)\Microchip\xc8\v1.20\dat\en_msgs.txt -cs \
  -h+dist/default/production\Code.production.sym \
  --cmf=dist/default/production\Code.production.cmf -z -Q16F88 \
  -oC:\Users\Ryan\AppData\Local\Temp\s3a8.6 \
  -Mdist/default/production/Code.production.map -E1 -ver=XC8 \
  -ACONST=00h-0FFhx16 -ACODE=00h-07FFhx2 -ASTRCODE=00h-0FFFh \
  -AENTRY=00h-0FFhx16 -ASTRING=00h-0FFhx16 -ACOMMON=070h-07Fh \
  -ABANK0=020h-06Fh -ABANK1=0A0h-0EFh -ABANK2=0110h-016Fh \
  -ABANK3=0190h-01EFh -ARAM=020h-06Fh,0A0h-0EFh,0110h-016Fh,0190h-01EFh \
  -AABS1=020h-07Fh,0A0h-0EFh,0110h-016Fh,0190h-01EFh -ASFR0=00h-01Fh \
  -ASFR1=080h-09Fh -ASFR2=0100h-010Fh -ASFR3=0180h-018Fh \
  -preset_vec=00h,intentry=04h,init,end_init -ppowerup=CODE -pfunctab=CODE \
  -ACONFIG=02007h-02008h -pconfig=CONFIG -DCONFIG=2 -AIDLOC=02000h-02003h \
  -pidloc=IDLOC -DIDLOC=2 -AEEDATA=00h-0FFh/02100h -peeprom_data=EEDATA \
  -DEEDATA=2 -DCODE=2 -DSTRCODE=2 -DSTRING=2 -DCONST=2 -DENTRY=2 -k \
  C:\Users\Ryan\AppData\Local\Temp\s3a8.obj \
  dist/default/production\Code.production.obj \
  ..\..\..\..\..\..\..\Program Files (x86)\Microchip\xc8\v1.20\lib\pic18-trace-obj.lib 

Object code version is 3.11

Machine type is 16F88



                Name                               Link     Load   Length Selector   Space Scale
C:\Users\Ryan\AppData\Local\Temp\s3a8.obj
                end_init                             11       11        2        8       0
                reset_vec                             0        0        2        0       0
                config                             2007     2007        2     400E       0
dist/default/production\Code.production.obj
                intentry                              4        4        D        8       0
                text18                              70D      70D       1B        8       0
                text17                              759      759        F        8       0
                text16                              77D      77D        9        8       0
                text15                              78E      78E        8        8       0
                text14                              728      728       1A        8       0
                text13                              670      670       5A        8       0
                text12                              6EE      6EE       1F        8       0
                text11                              5A9      5A9       6A        8       0
                text10                              613      613       5D        8       0
                text9                                13       13      116        8       0
                text8                               53F      53F       6A        8       0
                text7                               6CA      6CA       24        8       0
                text6                               129      129      108        8       0
                text5                               3FA      3FA       B7        8       0
                text4                               328      328       D2        8       0
                text3                               773      773        A        8       0
                text2                               4B1      4B1       8E        8       0
                text1                               742      742       17        8       0
                maintext                            231      231       F7        8       0
                cstackBANK0                          20       20       33       20       1
                cstackCOMMON                         70       70        8       70       1
                clrtext                             786      786        8        8       0
                bssBANK0                             53       53       11       20       1
                bssCOMMON                            78       78        2       70       1
                cinit                               768      768        B        8       0

..\..\..\..\..\..\..\Program Files (x86)\Microchip\xc8\v1.20\lib\pic18-trace-obj.lib

TOTAL           Name                               Link     Load   Length     Space
        CLASS   CONST          

        CLASS   CODE           
                end_init                             11       11        2         0
                intentry                              4        4        D         0
                reset_vec                             0        0        2         0
                text18                              70D      70D       1B         0
                text17                              759      759        F         0
                text16                              77D      77D        9         0
                text15                              78E      78E        8         0
                text14                              728      728       1A         0
                text13                              670      670       5A         0
                text12                              6EE      6EE       1F         0
                text11                              5A9      5A9       6A         0
                text10                              613      613       5D         0
                text9                                13       13      116         0
                text8                               53F      53F       6A         0
                text7                               6CA      6CA       24         0
                text6                               129      129      108         0
                text5                               3FA      3FA       B7         0
                text4                               328      328       D2         0
                text3                               773      773        A         0
                text2                               4B1      4B1       8E         0
                text1                               742      742       17         0
                maintext                            231      231       F7         0
                clrtext                             786      786        8         0
                cinit                               768      768        B         0

        CLASS   STRCODE        

        CLASS   ENTRY          

        CLASS   STRING         

        CLASS   COMMON         
                cstackCOMMON                         70       70        8         1
                bssCOMMON                            78       78        2         1

        CLASS   BANK0          
                cstackBANK0                          20       20       33         1
                bssBANK0                             53       53       11         1

        CLASS   BANK1          

        CLASS   BANK2          

        CLASS   BANK3          

        CLASS   RAM            

        CLASS   ABS1           
                abs_s1                               7E       7E        2         1

        CLASS   SFR0           

        CLASS   SFR1           

        CLASS   SFR2           

        CLASS   SFR3           

        CLASS   CONFIG         
                config                             2007     2007        2         0

        CLASS   IDLOC          

        CLASS   EEDATA         



SEGMENTS        Name                           Load    Length   Top    Selector   Space  Class     Delta

                reset_vec                      000000  000002  000002         0       0  CODE        2
                intentry                       000004  000792  000796         8       0  CODE        2
                cstackBANK0                    000020  000044  000064        20       1  BANK0       1
                cstackCOMMON                   000070  00000A  00007A        70       1  COMMON      1
                config                         002007  000002  002009      400E       0  CONFIG      2


UNUSED ADDRESS RANGES

        Name                Unused          Largest block    Delta
        BANK0            0064-006F              C           1
        BANK1            00A0-00EF             50           1
        BANK2            0110-016F             60           1
        BANK3            0190-01EF             60           1
        CODE             0002-0003              2           2
                         0796-0FFF             6A
        COMMON           007A-007D              4           1
        CONST            0002-0003              2           2
                         0796-0FFF            100
        EEDATA           2100-21FF            100           2
        ENTRY            0002-0003              2           2
                         0796-0FFF            100
        IDLOC            2000-2003              4           2
        RAM              0064-006F              C           1
                         00A0-00EF             50
                         0110-016F             60
                         0190-01EF             60
        SFR0             0000-001F             20           1
        SFR1             0080-009F             20           1
        SFR2             0100-010F             10           1
        SFR3             0180-018F             10           1
        STRCODE          0002-0003              2           2
                         0796-0FFF            86A
        STRING           0002-0003              2           2
                         0796-0FFF            100

                                  Symbol Table

?___awdiv                  cstackCOMMON 0074
?___awtoft                 cstackBANK0  002A
?___ftadd                  cstackBANK0  0033
?___ftdiv                  cstackBANK0  0028
?___ftmul                  cstackBANK0  0040
?___ftneg                  cstackBANK0  0030
?___ftpack                 cstackBANK0  0020
?___fttol                  cstackCOMMON 0074
?___lwtoft                 cstackBANK0  0025
?_fLCD_PrintNumber         cstackBANK0  002A
?_fLCD_RawSend             cstackCOMMON 0074
_ANSEL                     (abs)        009B
_CMCON                     (abs)        009C
_GIE                       (abs)        005F
_INT0IE                    (abs)        005C
_INT0IF                    (abs)        0059
_INTCONbits                (abs)        000B
_OPTION_REG                (abs)        0081
_OPTION_REGbits            (abs)        0081
_OSCCON                    (abs)        008F
_PIE1bits                  (abs)        008C
_PIR1bits                  (abs)        000C
_PORTA                     (abs)        0005
_PORTAbits                 (abs)        0005
_PORTB                     (abs)        0006
_PORTBbits                 (abs)        0006
_RBIE                      (abs)        005B
_RBIF                      (abs)        0058
_T1CONbits                 (abs)        0010
_TMR0IE                    (abs)        005D
_TMR1                      (abs)        000E
_TMR1IE                    (abs)        0460
_TMR1IF                    (abs)        0060
_TRISA                     (abs)        0085
_TRISB                     (abs)        0086
__CFG_BOREN$ON             (abs)        0000
__CFG_CCPMX$RB0            (abs)        0000
__CFG_CP$OFF               (abs)        0000
__CFG_CPD$OFF              (abs)        0000
__CFG_FCMEN$ON             (abs)        0000
__CFG_FOSC$HS              (abs)        0000
__CFG_IESO$ON              (abs)        0000
__CFG_LVP$OFF              (abs)        0000
__CFG_MCLRE$ON             (abs)        0000
__CFG_PWRTE$OFF            (abs)        0000
__CFG_WDTE$OFF             (abs)        0000
__CFG_WRT$OFF              (abs)        0000
__Habs1                    abs1         0000
__Hbank0                   bank0        0000
__Hbank1                   bank1        0000
__Hbank2                   bank2        0000
__Hbank3                   bank3        0000
__HbssBANK0                bssBANK0     0000
__HbssCOMMON               bssCOMMON    0000
__Hcinit                   cinit        0000
__Hclrtext                 clrtext      0000
__Hcode                    code         0000
__Hcommon                  common       0000
__Hconfig                  config       2009
__HcstackBANK0             cstackBANK0  0000
__HcstackCOMMON            cstackCOMMON 0000
__Heeprom_data             eeprom_data  0000
__Hend_init                end_init     0013
__Hfunctab                 functab      0000
__Hidloc                   idloc        0000
__Hinit                    init         0011
__Hintentry                intentry     0011
__Hmaintext                maintext     0000
__Hpowerup                 powerup      0000
__Hram                     ram          0000
__Hreset_vec               reset_vec    0002
__Hsfr0                    sfr0         0000
__Hsfr1                    sfr1         0000
__Hsfr2                    sfr2         0000
__Hsfr3                    sfr3         0000
__Hstrings                 strings      0000
__Htext                    text         0000
__Labs1                    abs1         0000
__Lbank0                   bank0        0000
__Lbank1                   bank1        0000
__Lbank2                   bank2        0000
__Lbank3                   bank3        0000
__LbssBANK0                bssBANK0     0000
__LbssCOMMON               bssCOMMON    0000
__Lcinit                   cinit        0000
__Lclrtext                 clrtext      0000
__Lcode                    code         0000
__Lcommon                  common       0000
__Lconfig                  config       2007
__LcstackBANK0             cstackBANK0  0000
__LcstackCOMMON            cstackCOMMON 0000
__Leeprom_data             eeprom_data  0000
__Lend_init                end_init     0011
__Lfunctab                 functab      0000
__Lidloc                   idloc        0000
__Linit                    init         0011
__Lintentry                intentry     0004
__Lmaintext                maintext     0000
__Lpowerup                 powerup      0000
__Lram                     ram          0000
__Lreset_vec               reset_vec    0000
__Lsfr0                    sfr0         0000
__Lsfr1                    sfr1         0000
__Lsfr2                    sfr2         0000
__Lsfr3                    sfr3         0000
__Lstrings                 strings      0000
__Ltext                    text         0000
__S0                       (abs)        2009
__S1                       (abs)        007A
__S3                       (abs)        0000
___awdiv                   text10       0613
___awdiv@counter           cstackBANK0  0021
___awdiv@dividend          cstackCOMMON 0076
___awdiv@divisor           cstackCOMMON 0074
___awdiv@quotient          cstackBANK0  0023
___awdiv@sign              cstackBANK0  0022
___awtoft                  text7        06CA
___awtoft@c                cstackBANK0  002A
___awtoft@sign             cstackBANK0  002F
___ftadd                   text6        0129
___ftadd@exp1              cstackBANK0  003F
___ftadd@exp2              cstackBANK0  003E
___ftadd@f1                cstackBANK0  0033
___ftadd@f2                cstackBANK0  0036
___ftadd@sign              cstackBANK0  003D
___ftdiv                   text5        03FA
___ftdiv@cntr              cstackBANK0  0032
___ftdiv@exp               cstackBANK0  0036
___ftdiv@f1                cstackBANK0  002B
___ftdiv@f2                cstackBANK0  0028
___ftdiv@f3                cstackBANK0  0033
___ftdiv@sign              cstackBANK0  0037
___ftmul                   text4        0328
___ftmul@cntr              cstackBANK0  004E
___ftmul@exp               cstackBANK0  004A
___ftmul@f1                cstackBANK0  0040
___ftmul@f2                cstackBANK0  0043
___ftmul@f3_as_product     cstackBANK0  004B
___ftmul@sign              cstackBANK0  004F
___ftneg                   text3        0773
___ftneg@f1                cstackBANK0  0030
___ftpack                  text8        053F
___ftpack@arg              cstackBANK0  0020
___ftpack@exp              cstackBANK0  0023
___ftpack@sign             cstackBANK0  0024
___fttol                   text2        04B1
___fttol@exp1              cstackBANK0  0029
___fttol@f1                cstackCOMMON 0074
___fttol@lval              cstackBANK0  0025
___fttol@sign1             cstackBANK0  0024
___latbits                 (abs)        0001
___lwtoft                  text1        0742
___lwtoft@c                cstackBANK0  0025
__end_of___awdiv           text10       0670
__end_of___awtoft          text7        06EE
__end_of___ftadd           text6        0231
__end_of___ftdiv           text5        04B1
__end_of___ftmul           text4        03FA
__end_of___ftneg           text3        077D
__end_of___ftpack          text8        05A9
__end_of___fttol           text2        053F
__end_of___lwtoft          text1        0759
__end_of__initialization   cinit        0770
__end_of_fLCD_Clear        text12       070D
__end_of_fLCD_PrintNumber  text9        0129
__end_of_fLCD_RawSend      text13       06CA
__end_of_fLCD_Start        text11       0613
__end_of_initializeInt     text17       0768
__end_of_initializeTimer0  text16       0786
__end_of_initializeTimer1  text15       0796
__end_of_isr               text18       0728
__end_of_main              maintext     0328
__end_of_startUp           text14       0742
__initialization           cinit        0768
__pbssBANK0                bssBANK0     0053
__pbssCOMMON               bssCOMMON    0078
__pcstackBANK0             cstackBANK0  0020
__pcstackCOMMON            cstackCOMMON 0070
__pintentry                intentry     0004
__pmaintext                maintext     0231
__ptext0                   text0        0000
__ptext1                   text1        0742
__ptext10                  text10       0613
__ptext11                  text11       05A9
__ptext12                  text12       06EE
__ptext13                  text13       0670
__ptext14                  text14       0728
__ptext15                  text15       078E
__ptext16                  text16       077D
__ptext17                  text17       0759
__ptext18                  text18       070D
__ptext2                   text2        04B1
__ptext3                   text3        0773
__ptext4                   text4        0328
__ptext5                   text5        03FA
__ptext6                   text6        0129
__ptext7                   text7        06CA
__ptext8                   text8        053F
__ptext9                   text9        0013
__size_of___awdiv          (abs)        0000
__size_of___awtoft         (abs)        0000
__size_of___ftadd          (abs)        0000
__size_of___ftdiv          (abs)        0000
__size_of___ftmul          (abs)        0000
__size_of___ftneg          (abs)        0000
__size_of___ftpack         (abs)        0000
__size_of___fttol          (abs)        0000
__size_of___lwtoft         (abs)        0000
__size_of_fLCD_Clear       (abs)        0000
__size_of_fLCD_PrintNumber (abs)        0000
__size_of_fLCD_RawSend     (abs)        0000
__size_of_fLCD_Start       (abs)        0000
__size_of_initializeInt    (abs)        0000
__size_of_initializeTimer0 (abs)        0000
__size_of_initializeTimer1 (abs)        0000
__size_of_isr              (abs)        0000
__size_of_main             (abs)        0000
__size_of_startUp          (abs)        0000
_a                         bssBANK0     0053
_b                         bssBANK0     0056
_fLCD_Clear                text12       06EE
_fLCD_PrintNumber          text9        0013
_fLCD_RawSend              text13       0670
_fLCD_Start                text11       05A9
_fin                       bssBANK0     0059
_initializeInt             text17       0759
_initializeTimer0          text16       077D
_initializeTimer1          text15       078E
_isr                       text18       070D
_main                      maintext     0231
_speed                     bssBANK0     005E
_startUp                   text14       0728
_tdist                     bssBANK0     0061
_tflag                     bssCOMMON    0078
_time                      bssBANK0     005C
btemp                      (abs)        007E
clear_ram0                 clrtext      0786
end_of_initialization      cinit        0770
fLCD_PrintNumber@Number    cstackBANK0  002A
fLCD_PrintNumber@tmp_byte  cstackBANK0  002F
fLCD_PrintNumber@tmp_int   cstackBANK0  002D
fLCD_RawSend@in            cstackBANK0  0020
fLCD_RawSend@mask          cstackCOMMON 0074
fLCD_RawSend@pt            cstackBANK0  0021
interrupt_function         intentry     0004
intlevel0                  functab      0000
intlevel1                  functab      0000
intlevel2                  functab      0000
intlevel3                  functab      0000
intlevel4                  functab      0000
intlevel5                  functab      0000
reset_vec                  reset_vec    0000
saved_w                    (abs)        007E
start                      init         0011
start_initialization       cinit        0768
wtemp0                     (abs)        007E


FUNCTION INFORMATION:

 *************** function _main *****************
 Defined at:
		line 67 in file "chrono.c"
 Parameters:    Size  Location     Type
		None
 Auto vars:     Size  Location     Type
		None
 Return value:  Size  Location     Type
		None               void
 Registers used:
		wreg, status,2, status,0, btemp+1, pclath, cstack
 Tracked objects:
		On entry : 
		On exit  : 
		Unchanged: 
 Data sizes:     COMMON   BANK0   BANK1   BANK3   BANK2
      Params:         0       0       0       0       0
      Locals:         0       0       0       0       0
      Temps:          0       3       0       0       0
      Totals:         0       3       0       0       0
Total ram usage:        3 bytes
 Hardware stack levels required when called:    4
 This function calls:
		_startUp
		_fLCD_Start
		_fLCD_PrintNumber
		_fLCD_RawSend
		_fLCD_Clear
		___awtoft
		___ftadd
		___ftdiv
		___ftmul
		___ftneg
		___fttol
		___lwtoft
 This function is called by:
		Startup code after reset
 This function uses a non-reentrant model


 *************** function ___lwtoft *****************
 Defined at:
		line 29 in file "C:\Program Files (x86)\Microchip\xc8\v1.20\sources\pic\lwtoft.c"
 Parameters:    Size  Location     Type
  c               2    5[BANK0 ] unsigned int 
 Auto vars:     Size  Location     Type
		None
 Return value:  Size  Location     Type
                  3    5[BANK0 ] float 
 Registers used:
		wreg, status,2, status,0, pclath, cstack
 Tracked objects:
		On entry : 
		On exit  : 
		Unchanged: 
 Data sizes:     COMMON   BANK0   BANK1   BANK3   BANK2
      Params:         0       3       0       0       0
      Locals:         0       0       0       0       0
      Temps:          1       0       0       0       0
      Totals:         1       3       0       0       0
Total ram usage:        4 bytes
 Hardware stack levels used:    1
 Hardware stack levels required when called:    2
 This function calls:
		___ftpack
 This function is called by:
		_main
 This function uses a non-reentrant model


 *************** function ___fttol *****************
 Defined at:
		line 45 in file "C:\Program Files (x86)\Microchip\xc8\v1.20\sources\pic\fttol.c"
 Parameters:    Size  Location     Type
  f1              3    4[COMMON] float 
 Auto vars:     Size  Location     Type
  lval            4    5[BANK0 ] unsigned long 
  exp1            1    9[BANK0 ] unsigned char 
  sign1           1    4[BANK0 ] unsigned char 
 Return value:  Size  Location     Type
                  4    4[COMMON] long 
 Registers used:
		wreg, status,2, status,0
 Tracked objects:
		On entry : 
		On exit  : 
		Unchanged: 
 Data sizes:     COMMON   BANK0   BANK1   BANK3   BANK2
      Params:         4       0       0       0       0
      Locals:         0       6       0       0       0
      Temps:          0       4       0       0       0
      Totals:         4      10       0       0       0
Total ram usage:       14 bytes
 Hardware stack levels used:    1
 Hardware stack levels required when called:    1
 This function calls:
		Nothing
 This function is called by:
		_main
 This function uses a non-reentrant model


 *************** function ___ftneg *****************
 Defined at:
		line 16 in file "C:\Program Files (x86)\Microchip\xc8\v1.20\sources\pic\ftneg.c"
 Parameters:    Size  Location     Type
  f1              3   16[BANK0 ] float 
 Auto vars:     Size  Location     Type
		None
 Return value:  Size  Location     Type
                  3   16[BANK0 ] float 
 Registers used:
		wreg
 Tracked objects:
		On entry : 
		On exit  : 
		Unchanged: 
 Data sizes:     COMMON   BANK0   BANK1   BANK3   BANK2
      Params:         0       3       0       0       0
      Locals:         0       0       0       0       0
      Temps:          0       0       0       0       0
      Totals:         0       3       0       0       0
Total ram usage:        3 bytes
 Hardware stack levels used:    1
 Hardware stack levels required when called:    1
 This function calls:
		Nothing
 This function is called by:
		_main
 This function uses a non-reentrant model


 *************** function ___ftmul *****************
 Defined at:
		line 52 in file "C:\Program Files (x86)\Microchip\xc8\v1.20\sources\pic\ftmul.c"
 Parameters:    Size  Location     Type
  f1              3   32[BANK0 ] float 
  f2              3   35[BANK0 ] float 
 Auto vars:     Size  Location     Type
  f3_as_produc    3   43[BANK0 ] unsigned um
  sign            1   47[BANK0 ] unsigned char 
  cntr            1   46[BANK0 ] unsigned char 
  exp             1   42[BANK0 ] unsigned char 
 Return value:  Size  Location     Type
                  3   32[BANK0 ] float 
 Registers used:
		wreg, status,2, status,0, pclath, cstack
 Tracked objects:
		On entry : 
		On exit  : 
		Unchanged: 
 Data sizes:     COMMON   BANK0   BANK1   BANK3   BANK2
      Params:         0       6       0       0       0
      Locals:         0       6       0       0       0
      Temps:          0       4       0       0       0
      Totals:         0      16       0       0       0
Total ram usage:       16 bytes
 Hardware stack levels used:    1
 Hardware stack levels required when called:    2
 This function calls:
		___ftpack
 This function is called by:
		_main
 This function uses a non-reentrant model


 *************** function ___ftdiv *****************
 Defined at:
		line 50 in file "C:\Program Files (x86)\Microchip\xc8\v1.20\sources\pic\ftdiv.c"
 Parameters:    Size  Location     Type
  f2              3    8[BANK0 ] float 
  f1              3   11[BANK0 ] float 
 Auto vars:     Size  Location     Type
  f3              3   19[BANK0 ] float 
  sign            1   23[BANK0 ] unsigned char 
  exp             1   22[BANK0 ] unsigned char 
  cntr            1   18[BANK0 ] unsigned char 
 Return value:  Size  Location     Type
                  3    8[BANK0 ] float 
 Registers used:
		wreg, status,2, status,0, pclath, cstack
 Tracked objects:
		On entry : 
		On exit  : 
		Unchanged: 
 Data sizes:     COMMON   BANK0   BANK1   BANK3   BANK2
      Params:         0       6       0       0       0
      Locals:         0       6       0       0       0
      Temps:          0       4       0       0       0
      Totals:         0      16       0       0       0
Total ram usage:       16 bytes
 Hardware stack levels used:    1
 Hardware stack levels required when called:    2
 This function calls:
		___ftpack
 This function is called by:
		_main
 This function uses a non-reentrant model


 *************** function ___ftadd *****************
 Defined at:
		line 87 in file "C:\Program Files (x86)\Microchip\xc8\v1.20\sources\pic\ftadd.c"
 Parameters:    Size  Location     Type
  f1              3   19[BANK0 ] float 
  f2              3   22[BANK0 ] float 
 Auto vars:     Size  Location     Type
  exp1            1   31[BANK0 ] unsigned char 
  exp2            1   30[BANK0 ] unsigned char 
  sign            1   29[BANK0 ] unsigned char 
 Return value:  Size  Location     Type
                  3   19[BANK0 ] float 
 Registers used:
		wreg, status,2, status,0, pclath, cstack
 Tracked objects:
		On entry : 
		On exit  : 
		Unchanged: 
 Data sizes:     COMMON   BANK0   BANK1   BANK3   BANK2
      Params:         0       6       0       0       0
      Locals:         0       3       0       0       0
      Temps:          0       4       0       0       0
      Totals:         0      13       0       0       0
Total ram usage:       13 bytes
 Hardware stack levels used:    1
 Hardware stack levels required when called:    2
 This function calls:
		___ftpack
 This function is called by:
		_main
 This function uses a non-reentrant model


 *************** function ___awtoft *****************
 Defined at:
		line 33 in file "C:\Program Files (x86)\Microchip\xc8\v1.20\sources\pic\awtoft.c"
 Parameters:    Size  Location     Type
  c               2   10[BANK0 ] int 
 Auto vars:     Size  Location     Type
  sign            1   15[BANK0 ] unsigned char 
 Return value:  Size  Location     Type
                  3   10[BANK0 ] float 
 Registers used:
		wreg, status,2, status,0, pclath, cstack
 Tracked objects:
		On entry : 
		On exit  : 
		Unchanged: 
 Data sizes:     COMMON   BANK0   BANK1   BANK3   BANK2
      Params:         0       3       0       0       0
      Locals:         0       1       0       0       0
      Temps:          0       2       0       0       0
      Totals:         0       6       0       0       0
Total ram usage:        6 bytes
 Hardware stack levels used:    1
 Hardware stack levels required when called:    2
 This function calls:
		___ftpack
 This function is called by:
		_main
 This function uses a non-reentrant model


 *************** function ___ftpack *****************
 Defined at:
		line 63 in file "C:\Program Files (x86)\Microchip\xc8\v1.20\sources\pic\float.c"
 Parameters:    Size  Location     Type
  arg             3    0[BANK0 ] unsigned um
  exp             1    3[BANK0 ] unsigned char 
  sign            1    4[BANK0 ] unsigned char 
 Auto vars:     Size  Location     Type
		None
 Return value:  Size  Location     Type
                  3    0[BANK0 ] float 
 Registers used:
		wreg, status,2, status,0
 Tracked objects:
		On entry : 
		On exit  : 
		Unchanged: 
 Data sizes:     COMMON   BANK0   BANK1   BANK3   BANK2
      Params:         0       5       0       0       0
      Locals:         0       0       0       0       0
      Temps:          3       0       0       0       0
      Totals:         3       5       0       0       0
Total ram usage:        8 bytes
 Hardware stack levels used:    1
 Hardware stack levels required when called:    1
 This function calls:
		Nothing
 This function is called by:
		___awtoft
		___ftadd
		___ftdiv
		___ftmul
		___lwtoft
 This function uses a non-reentrant model


 *************** function _fLCD_PrintNumber *****************
 Defined at:
		line 207 in file "chrono.c"
 Parameters:    Size  Location     Type
  Number          2   10[BANK0 ] short 
 Auto vars:     Size  Location     Type
  tmp_int         2   13[BANK0 ] short 
  tmp_byte        1   15[BANK0 ] unsigned char 
 Return value:  Size  Location     Type
		None               void
 Registers used:
		wreg, status,2, status,0, btemp+1, pclath, cstack
 Tracked objects:
		On entry : 
		On exit  : 
		Unchanged: 
 Data sizes:     COMMON   BANK0   BANK1   BANK3   BANK2
      Params:         0       2       0       0       0
      Locals:         0       3       0       0       0
      Temps:          0       1       0       0       0
      Totals:         0       6       0       0       0
Total ram usage:        6 bytes
 Hardware stack levels used:    1
 Hardware stack levels required when called:    2
 This function calls:
		_fLCD_RawSend
		___awdiv
 This function is called by:
		_main
 This function uses a non-reentrant model


 *************** function ___awdiv *****************
 Defined at:
		line 5 in file "C:\Program Files (x86)\Microchip\xc8\v1.20\sources\pic\awdiv.c"
 Parameters:    Size  Location     Type
  divisor         2    4[COMMON] int 
  dividend        2    6[COMMON] int 
 Auto vars:     Size  Location     Type
  quotient        2    3[BANK0 ] int 
  sign            1    2[BANK0 ] unsigned char 
  counter         1    1[BANK0 ] unsigned char 
 Return value:  Size  Location     Type
                  2    4[COMMON] int 
 Registers used:
		wreg, status,2, status,0
 Tracked objects:
		On entry : 
		On exit  : 
		Unchanged: 
 Data sizes:     COMMON   BANK0   BANK1   BANK3   BANK2
      Params:         4       0       0       0       0
      Locals:         0       4       0       0       0
      Temps:          0       1       0       0       0
      Totals:         4       5       0       0       0
Total ram usage:        9 bytes
 Hardware stack levels used:    1
 Hardware stack levels required when called:    1
 This function calls:
		Nothing
 This function is called by:
		_fLCD_PrintNumber
 This function uses a non-reentrant model


 *************** function _fLCD_Start *****************
 Defined at:
		line 89 in file "chrono.c"
 Parameters:    Size  Location     Type
		None
 Auto vars:     Size  Location     Type
		None
 Return value:  Size  Location     Type
		None               void
 Registers used:
		wreg, status,2, status,0, pclath, cstack
 Tracked objects:
		On entry : 
		On exit  : 
		Unchanged: 
 Data sizes:     COMMON   BANK0   BANK1   BANK3   BANK2
      Params:         0       0       0       0       0
      Locals:         0       0       0       0       0
      Temps:          0       2       0       0       0
      Totals:         0       2       0       0       0
Total ram usage:        2 bytes
 Hardware stack levels used:    1
 Hardware stack levels required when called:    3
 This function calls:
		_fLCD_RawSend
		_fLCD_Clear
 This function is called by:
		_main
 This function uses a non-reentrant model


 *************** function _fLCD_Clear *****************
 Defined at:
		line 153 in file "chrono.c"
 Parameters:    Size  Location     Type
		None
 Auto vars:     Size  Location     Type
		None
 Return value:  Size  Location     Type
		None               void
 Registers used:
		wreg, status,2, status,0, pclath, cstack
 Tracked objects:
		On entry : 
		On exit  : 
		Unchanged: 
 Data sizes:     COMMON   BANK0   BANK1   BANK3   BANK2
      Params:         0       0       0       0       0
      Locals:         0       0       0       0       0
      Temps:          0       2       0       0       0
      Totals:         0       2       0       0       0
Total ram usage:        2 bytes
 Hardware stack levels used:    1
 Hardware stack levels required when called:    2
 This function calls:
		_fLCD_RawSend
 This function is called by:
		_main
		_fLCD_Start
 This function uses a non-reentrant model


 *************** function _fLCD_RawSend *****************
 Defined at:
		line 109 in file "chrono.c"
 Parameters:    Size  Location     Type
  in              1    wreg     unsigned char 
  mask            1    4[COMMON] unsigned char 
 Auto vars:     Size  Location     Type
  in              1    0[BANK0 ] unsigned char 
  pt              1    1[BANK0 ] unsigned char 
 Return value:  Size  Location     Type
		None               void
 Registers used:
		wreg, status,2, status,0
 Tracked objects:
		On entry : 
		On exit  : 
		Unchanged: 
 Data sizes:     COMMON   BANK0   BANK1   BANK3   BANK2
      Params:         1       0       0       0       0
      Locals:         0       2       0       0       0
      Temps:          2       0       0       0       0
      Totals:         3       2       0       0       0
Total ram usage:        5 bytes
 Hardware stack levels used:    1
 Hardware stack levels required when called:    1
 This function calls:
		Nothing
 This function is called by:
		_main
		_fLCD_Start
		_fLCD_Clear
		_fLCD_PrintNumber
		_fLCD_PrintASCII
		_fLCD_Command
		_fLCD_Cursor
		_fLCD_PrintString
		_fLCD_ClearLine
 This function uses a non-reentrant model


 *************** function _startUp *****************
 Defined at:
		line 319 in file "chrono.c"
 Parameters:    Size  Location     Type
		None
 Auto vars:     Size  Location     Type
		None
 Return value:  Size  Location     Type
		None               void
 Registers used:
		wreg, status,2, status,0, pclath, cstack
 Tracked objects:
		On entry : 
		On exit  : 
		Unchanged: 
 Data sizes:     COMMON   BANK0   BANK1   BANK3   BANK2
      Params:         0       0       0       0       0
      Locals:         0       0       0       0       0
      Temps:          0       0       0       0       0
      Totals:         0       0       0       0       0
Total ram usage:        0 bytes
 Hardware stack levels used:    1
 Hardware stack levels required when called:    2
 This function calls:
		_initializeInt
		_initializeTimer0
		_initializeTimer1
 This function is called by:
		_main
 This function uses a non-reentrant model


 *************** function _initializeTimer1 *****************
 Defined at:
		line 389 in file "chrono.c"
 Parameters:    Size  Location     Type
		None
 Auto vars:     Size  Location     Type
		None
 Return value:  Size  Location     Type
		None               void
 Registers used:
		wreg, status,2, status,0
 Tracked objects:
		On entry : 
		On exit  : 
		Unchanged: 
 Data sizes:     COMMON   BANK0   BANK1   BANK3   BANK2
      Params:         0       0       0       0       0
      Locals:         0       0       0       0       0
      Temps:          0       0       0       0       0
      Totals:         0       0       0       0       0
Total ram usage:        0 bytes
 Hardware stack levels used:    1
 Hardware stack levels required when called:    1
 This function calls:
		Nothing
 This function is called by:
		_startUp
 This function uses a non-reentrant model


 *************** function _initializeTimer0 *****************
 Defined at:
		line 397 in file "chrono.c"
 Parameters:    Size  Location     Type
		None
 Auto vars:     Size  Location     Type
		None
 Return value:  Size  Location     Type
		None               void
 Registers used:
		wreg, status,2, status,0
 Tracked objects:
		On entry : 
		On exit  : 
		Unchanged: 
 Data sizes:     COMMON   BANK0   BANK1   BANK3   BANK2
      Params:         0       0       0       0       0
      Locals:         0       0       0       0       0
      Temps:          0       0       0       0       0
      Totals:         0       0       0       0       0
Total ram usage:        0 bytes
 Hardware stack levels used:    1
 Hardware stack levels required when called:    1
 This function calls:
		Nothing
 This function is called by:
		_startUp
 This function uses a non-reentrant model


 *************** function _initializeInt *****************
 Defined at:
		line 378 in file "chrono.c"
 Parameters:    Size  Location     Type
		None
 Auto vars:     Size  Location     Type
		None
 Return value:  Size  Location     Type
		None               void
 Registers used:
		None
 Tracked objects:
		On entry : 
		On exit  : 
		Unchanged: 
 Data sizes:     COMMON   BANK0   BANK1   BANK3   BANK2
      Params:         0       0       0       0       0
      Locals:         0       0       0       0       0
      Temps:          0       0       0       0       0
      Totals:         0       0       0       0       0
Total ram usage:        0 bytes
 Hardware stack levels used:    1
 Hardware stack levels required when called:    1
 This function calls:
		Nothing
 This function is called by:
		_startUp
 This function uses a non-reentrant model


 *************** function _isr *****************
 Defined at:
		line 341 in file "chrono.c"
 Parameters:    Size  Location     Type
		None
 Auto vars:     Size  Location     Type
		None
 Return value:  Size  Location     Type
		None               void
 Registers used:
		wreg, status,2, status,0
 Tracked objects:
		On entry : 
		On exit  : 
		Unchanged: 
 Data sizes:     COMMON   BANK0   BANK1   BANK3   BANK2
      Params:         0       0       0       0       0
      Locals:         0       0       0       0       0
      Temps:          4       0       0       0       0
      Totals:         4       0       0       0       0
Total ram usage:        4 bytes
 Hardware stack levels used:    1
 This function calls:
		Nothing
 This function is called by:
		Interrupt level 1
 This function uses a non-reentrant model



MODULE INFORMATION

Module		Function		Class		Link	Load	Size
C:\Program Files (x86)\Microchip\xc8\v1.20\sources\pic\awtoft.c
		___awtoft      		CODE           	06CA	0000	36

C:\Program Files (x86)\Microchip\xc8\v1.20\sources\pic\awtoft.c estimated size: 36

C:\Program Files (x86)\Microchip\xc8\v1.20\sources\pic\awdiv.c
		___awdiv       		CODE           	0613	0000	93

C:\Program Files (x86)\Microchip\xc8\v1.20\sources\pic\awdiv.c estimated size: 93

C:\Program Files (x86)\Microchip\xc8\v1.20\sources\pic\ftadd.c
		___ftadd       		CODE           	0129	0000	264

C:\Program Files (x86)\Microchip\xc8\v1.20\sources\pic\ftadd.c estimated size: 264

C:\Program Files (x86)\Microchip\xc8\v1.20\sources\pic\lwtoft.c
		___lwtoft      		CODE           	0742	0000	23

C:\Program Files (x86)\Microchip\xc8\v1.20\sources\pic\lwtoft.c estimated size: 23

C:\Program Files (x86)\Microchip\xc8\v1.20\sources\pic\float.c
		___ftpack      		CODE           	053F	0000	106

C:\Program Files (x86)\Microchip\xc8\v1.20\sources\pic\float.c estimated size: 106

shared
		__initializatio		CODE           	0768	0000	8

shared estimated size: 8

chrono.c
		_startUp       		CODE           	0728	0000	26
		_fLCD_Clear    		CODE           	06EE	0000	31
		_fLCD_Start    		CODE           	05A9	0000	106
		_main          		CODE           	0231	0000	247
		_isr           		CODE           	070D	0000	27
		_initializeTime		CODE           	077D	0000	9
		_initializeTime		CODE           	078E	0000	8
		_fLCD_RawSend  		CODE           	0670	0000	90
		_initializeInt 		CODE           	0759	0000	15
		_fLCD_PrintNumb		CODE           	0013	0000	278

chrono.c estimated size: 837

C:\Program Files (x86)\Microchip\xc8\v1.20\sources\pic\ftdiv.c
		___ftdiv       		CODE           	03FA	0000	183

C:\Program Files (x86)\Microchip\xc8\v1.20\sources\pic\ftdiv.c estimated size: 183

C:\Program Files (x86)\Microchip\xc8\v1.20\sources\pic\ftneg.c
		___ftneg       		CODE           	0773	0000	10

C:\Program Files (x86)\Microchip\xc8\v1.20\sources\pic\ftneg.c estimated size: 10

C:\Program Files (x86)\Microchip\xc8\v1.20\sources\pic\ftmul.c
		___ftmul       		CODE           	0328	0000	210

C:\Program Files (x86)\Microchip\xc8\v1.20\sources\pic\ftmul.c estimated size: 210

C:\Program Files (x86)\Microchip\xc8\v1.20\sources\pic\fttol.c
		___fttol       		CODE           	04B1	0000	142

C:\Program Files (x86)\Microchip\xc8\v1.20\sources\pic\fttol.c estimated size: 142

