Microchip MPLAB XC8 Compiler V1.20 ()

Linker command line:

--edf=C:\Program Files (x86)\Microchip\xc8\v1.20\dat\en_msgs.txt -cs \
  -h+dist/default/production\Code.production.sym \
  --cmf=dist/default/production\Code.production.cmf -z -Q16F88 \
  -oC:\Users\Ryan\AppData\Local\Temp\s3v8.6 \
  -Mdist/default/production/Code.production.map -E1 -ver=XC8 \
  -ACONST=00h-0FFhx16 -ACODE=00h-07FFhx2 -ASTRCODE=00h-0FFFh \
  -AENTRY=00h-0FFhx16 -ASTRING=00h-0FFhx16 -ACOMMON=070h-07Fh \
  -ABANK0=020h-06Fh -ABANK1=0A0h-0EFh -ABANK2=0110h-016Fh \
  -ABANK3=0190h-01EFh -ARAM=020h-06Fh,0A0h-0EFh,0110h-016Fh,0190h-01EFh \
  -AABS1=020h-07Fh,0A0h-0EFh,0110h-016Fh,0190h-01EFh -ASFR0=00h-01Fh \
  -ASFR1=080h-09Fh -ASFR2=0100h-010Fh -ASFR3=0180h-018Fh \
  -preset_vec=00h,intentry=04h,init,end_init -ppowerup=CODE -pfunctab=CODE \
  -ACONFIG=02007h-02008h -pconfig=CONFIG -DCONFIG=2 -AIDLOC=02000h-02003h \
  -pidloc=IDLOC -DIDLOC=2 -AEEDATA=00h-0FFh/02100h -peeprom_data=EEDATA \
  -DEEDATA=2 -DCODE=2 -DSTRCODE=2 -DSTRING=2 -DCONST=2 -DENTRY=2 -k \
  C:\Users\Ryan\AppData\Local\Temp\s3v8.obj \
  dist/default/production\Code.production.obj \
  ..\..\..\..\..\..\..\Program Files (x86)\Microchip\xc8\v1.20\lib\pic18-trace-obj.lib 

Object code version is 3.11

Machine type is 16F88



                Name                               Link     Load   Length Selector   Space Scale
C:\Users\Ryan\AppData\Local\Temp\s3v8.obj
                end_init                             11       11        2        8       0
                reset_vec                             0        0        2        0       0
                config                             2007     2007        2     400E       0
dist/default/production\Code.production.obj
                intentry                              4        4        D        8       0
                text11                              2FC      2FC        B        8       0
                text10                              2EF      2EF        D        8       0
                text9                               311      311        9      622       0
                text8                               31A      31A        8      622       0
                text7                               2D7      2D7       18        8       0
                text6                               199      199       60        8       0
                text5                               2B6      2B6       21        8       0
                text4                               129      129       70        8       0
                text3                               1F9      1F9       5D        8       0
                text2                                13       13      116        8       0
                text1                               290      290       26        8       0
                maintext                            256      256       3A        8       0
                cstackBANK0                          20       20       10       20       1
                cstackCOMMON                         70       70        6       70       1
                bssCOMMON                            76       76        4       70       1
                cinit                               322      322        7      622       0
                strings                             307      307        A      60E       0

..\..\..\..\..\..\..\Program Files (x86)\Microchip\xc8\v1.20\lib\pic18-trace-obj.lib

TOTAL           Name                               Link     Load   Length     Space
        CLASS   CONST          

        CLASS   CODE           
                end_init                             11       11        2         0
                intentry                              4        4        D         0
                reset_vec                             0        0        2         0
                text11                              2FC      2FC        B         0
                text10                              2EF      2EF        D         0
                text9                               311      311        9         0
                text8                               31A      31A        8         0
                text7                               2D7      2D7       18         0
                text6                               199      199       60         0
                text5                               2B6      2B6       21         0
                text4                               129      129       70         0
                text3                               1F9      1F9       5D         0
                text2                                13       13      116         0
                text1                               290      290       26         0
                maintext                            256      256       3A         0
                cinit                               322      322        7         0

        CLASS   STRCODE        

        CLASS   ENTRY          

        CLASS   STRING         
                strings                             307      307        A         0

        CLASS   COMMON         
                cstackCOMMON                         70       70        6         1
                bssCOMMON                            76       76        4         1

        CLASS   BANK0          
                cstackBANK0                          20       20       10         1

        CLASS   BANK1          

        CLASS   BANK2          

        CLASS   BANK3          

        CLASS   RAM            

        CLASS   ABS1           
                abs_s1                               7E       7E        2         1

        CLASS   SFR0           

        CLASS   SFR1           

        CLASS   SFR2           

        CLASS   SFR3           

        CLASS   CONFIG         
                config                             2007     2007        2         0

        CLASS   IDLOC          

        CLASS   EEDATA         



SEGMENTS        Name                           Load    Length   Top    Selector   Space  Class     Delta

                reset_vec                      000000  000002  000002         0       0  CODE        2
                intentry                       000004  000303  000307         8       0  CODE        2
                cstackBANK0                    000020  000010  000030        20       1  BANK0       1
                cstackCOMMON                   000070  00000A  00007A        70       1  COMMON      1
                strings                        000307  00000A  000311       60E       0  STRING      2
                text9                          000311  000018  000329       622       0  CODE        2
                config                         002007  000002  002009      400E       0  CONFIG      2


UNUSED ADDRESS RANGES

        Name                Unused          Largest block    Delta
        BANK0            0030-006F             40           1
        BANK1            00A0-00EF             50           1
        BANK2            0110-016F             60           1
        BANK3            0190-01EF             60           1
        CODE             0002-0003              2           2
                         0329-0FFF            4D7
        COMMON           007A-007D              4           1
        CONST            0002-0003              2           2
                         0329-0FFF            100
        EEDATA           2100-21FF            100           2
        ENTRY            0002-0003              2           2
                         0329-0FFF            100
        IDLOC            2000-2003              4           2
        RAM              0030-006F             40           1
                         00A0-00EF             50
                         0110-016F             60
                         0190-01EF             60
        SFR0             0000-001F             20           1
        SFR1             0080-009F             20           1
        SFR2             0100-010F             10           1
        SFR3             0180-018F             10           1
        STRCODE          0002-0003              2           2
                         0329-0FFF            CD7
        STRING           0002-0003              2           2
                         0329-0FFF            100

                                  Symbol Table

?___awdiv                   cstackBANK0  0020
?_fLCD_PrintNumber          cstackBANK0  0028
?_fLCD_PrintString          cstackCOMMON 0075
?_fLCD_RawSend              cstackCOMMON 0074
_ANSEL                      (abs)        009B
_CMCON                      (abs)        009C
_GIE                        (abs)        005F
_INTCONbits                 (abs)        000B
_OPTION_REG                 (abs)        0081
_OPTION_REGbits             (abs)        0081
_OSCCON                     (abs)        008F
_PIE1bits                   (abs)        008C
_PIR1bits                   (abs)        000C
_PORTA                      (abs)        0005
_PORTB                      (abs)        0006
_PORTBbits                  (abs)        0006
_T1CONbits                  (abs)        0010
_TMR0IE                     (abs)        005D
_TMR1IE                     (abs)        0460
_TRISA                      (abs)        0085
_TRISB                      (abs)        0086
__CFG_BOREN$ON              (abs)        0000
__CFG_CCPMX$RB0             (abs)        0000
__CFG_CP$OFF                (abs)        0000
__CFG_CPD$OFF               (abs)        0000
__CFG_FCMEN$ON              (abs)        0000
__CFG_FOSC$INTOSCIO         (abs)        0000
__CFG_IESO$ON               (abs)        0000
__CFG_LVP$OFF               (abs)        0000
__CFG_MCLRE$ON              (abs)        0000
__CFG_PWRTE$OFF             (abs)        0000
__CFG_WDTE$OFF              (abs)        0000
__CFG_WRT$OFF               (abs)        0000
__Habs1                     abs1         0000
__Hbank0                    bank0        0000
__Hbank1                    bank1        0000
__Hbank2                    bank2        0000
__Hbank3                    bank3        0000
__HbssCOMMON                bssCOMMON    0000
__Hcinit                    cinit        0000
__Hclrtext                  clrtext      0000
__Hcode                     code         0000
__Hcommon                   common       0000
__Hconfig                   config       2009
__HcstackBANK0              cstackBANK0  0000
__HcstackCOMMON             cstackCOMMON 0000
__Heeprom_data              eeprom_data  0000
__Hend_init                 end_init     0013
__Hfunctab                  functab      0000
__Hidloc                    idloc        0000
__Hinit                     init         0011
__Hintentry                 intentry     0011
__Hmaintext                 maintext     0000
__Hpowerup                  powerup      0000
__Hram                      ram          0000
__Hreset_vec                reset_vec    0002
__Hsfr0                     sfr0         0000
__Hsfr1                     sfr1         0000
__Hsfr2                     sfr2         0000
__Hsfr3                     sfr3         0000
__Hstrings                  strings      0000
__Htext                     text         0000
__Labs1                     abs1         0000
__Lbank0                    bank0        0000
__Lbank1                    bank1        0000
__Lbank2                    bank2        0000
__Lbank3                    bank3        0000
__LbssCOMMON                bssCOMMON    0000
__Lcinit                    cinit        0000
__Lclrtext                  clrtext      0000
__Lcode                     code         0000
__Lcommon                   common       0000
__Lconfig                   config       2007
__LcstackBANK0              cstackBANK0  0000
__LcstackCOMMON             cstackCOMMON 0000
__Leeprom_data              eeprom_data  0000
__Lend_init                 end_init     0011
__Lfunctab                  functab      0000
__Lidloc                    idloc        0000
__Linit                     init         0011
__Lintentry                 intentry     0004
__Lmaintext                 maintext     0000
__Lpowerup                  powerup      0000
__Lram                      ram          0000
__Lreset_vec                reset_vec    0000
__Lsfr0                     sfr0         0000
__Lsfr1                     sfr1         0000
__Lsfr2                     sfr2         0000
__Lsfr3                     sfr3         0000
__Lstrings                  strings      0000
__Ltext                     text         0000
__S0                        (abs)        2009
__S1                        (abs)        007A
__S3                        (abs)        0000
___awdiv                    text3        01F9
___awdiv@counter            cstackBANK0  0024
___awdiv@dividend           cstackBANK0  0022
___awdiv@divisor            cstackBANK0  0020
___awdiv@quotient           cstackBANK0  0026
___awdiv@sign               cstackBANK0  0025
___latbits                  (abs)        0001
__end_of___awdiv            text3        0256
__end_of__initialization    cinit        0326
__end_of__stringdata        strings      0311
__end_of__stringtab         strings      030D
__end_of_fLCD_Clear         text5        02D7
__end_of_fLCD_PrintNumber   text2        0129
__end_of_fLCD_PrintString   text1        02B6
__end_of_fLCD_RawSend       text6        01F9
__end_of_fLCD_Start         text4        0199
__end_of_initializeInt      text10       02FC
__end_of_initializeTimer0   text9        031A
__end_of_initializeTimer1   text8        0322
__end_of_isr                text11       0307
__end_of_main               maintext     0290
__end_of_startUp            text7        02EF
__initialization            cinit        0322
__pbssCOMMON                bssCOMMON    0076
__pcstackBANK0              cstackBANK0  0020
__pcstackCOMMON             cstackCOMMON 0070
__pintentry                 intentry     0004
__pmaintext                 maintext     0256
__pstrings                  strings      0307
__ptext1                    text1        0290
__ptext10                   text10       02EF
__ptext11                   text11       02FC
__ptext2                    text2        0013
__ptext3                    text3        01F9
__ptext4                    text4        0129
__ptext5                    text5        02B6
__ptext6                    text6        0199
__ptext7                    text7        02D7
__ptext8                    text8        031A
__ptext9                    text9        0311
__size_of___awdiv           (abs)        0000
__size_of_fLCD_Clear        (abs)        0000
__size_of_fLCD_PrintNumber  (abs)        0000
__size_of_fLCD_PrintString  (abs)        0000
__size_of_fLCD_RawSend      (abs)        0000
__size_of_fLCD_Start        (abs)        0000
__size_of_initializeInt     (abs)        0000
__size_of_initializeTimer0  (abs)        0000
__size_of_initializeTimer1  (abs)        0000
__size_of_isr               (abs)        0000
__size_of_main              (abs)        0000
__size_of_startUp           (abs)        0000
__stringbase                strings      030C
__stringdata                strings      030D
__stringtab                 strings      0307
_fLCD_Clear                 text5        02B6
_fLCD_PrintNumber           text2        0013
_fLCD_PrintString           text1        0290
_fLCD_RawSend               text6        0199
_fLCD_Start                 text4        0129
_initializeInt              text10       02EF
_initializeTimer0           text9        0311
_initializeTimer1           text8        031A
_isr                        text11       02FC
_main                       maintext     0256
_startUp                    text7        02D7
_tflag                      bssCOMMON    0076
_time                       bssCOMMON    0078
btemp                       (abs)        007E
end_of_initialization       cinit        0326
fLCD_PrintNumber@Number     cstackBANK0  0028
fLCD_PrintNumber@tmp_byte   cstackBANK0  002C
fLCD_PrintNumber@tmp_int    cstackBANK0  002A
fLCD_PrintString@MSZ_String cstackCOMMON 0075
fLCD_PrintString@String     cstackBANK0  0025
fLCD_PrintString@idx        cstackBANK0  0026
fLCD_RawSend@in             cstackBANK0  0022
fLCD_RawSend@mask           cstackCOMMON 0074
fLCD_RawSend@pt             cstackBANK0  0023
interrupt_function          intentry     0004
intlevel0                   functab      0000
intlevel1                   functab      0000
intlevel2                   functab      0000
intlevel3                   functab      0000
intlevel4                   functab      0000
intlevel5                   functab      0000
reset_vec                   reset_vec    0000
saved_w                     (abs)        007E
start                       init         0011
start_initialization        cinit        0322
wtemp0                      (abs)        007E


FUNCTION INFORMATION:

 *************** function _main *****************
 Defined at:
		line 61 in file "chrono.c"
 Parameters:    Size  Location     Type
		None
 Auto vars:     Size  Location     Type
		None
 Return value:  Size  Location     Type
		None               void
 Registers used:
		wreg, fsr0l, fsr0h, fsr1l, fsr1h, fsr1l, fsr1h, status,2, status,0, btemp+1, pclath, cstack
 Tracked objects:
		On entry : 
		On exit  : 
		Unchanged: 
 Data sizes:     COMMON   BANK0   BANK1   BANK3   BANK2
      Params:         0       0       0       0       0
      Locals:         0       0       0       0       0
      Temps:          0       3       0       0       0
      Totals:         0       3       0       0       0
Total ram usage:        3 bytes
 Hardware stack levels required when called:    4
 This function calls:
		_startUp
		_fLCD_Start
		_fLCD_PrintNumber
		_fLCD_PrintString
 This function is called by:
		Startup code after reset
 This function uses a non-reentrant model


 *************** function _fLCD_PrintString *****************
 Defined at:
		line 252 in file "chrono.c"
 Parameters:    Size  Location     Type
  String          1    wreg     PTR unsigned char 
		 -> STR_1(4), 
  MSZ_String      1    5[COMMON] unsigned char 
 Auto vars:     Size  Location     Type
  String          1    5[BANK0 ] PTR unsigned char 
		 -> STR_1(4), 
  idx             1    6[BANK0 ] unsigned char 
 Return value:  Size  Location     Type
		None               void
 Registers used:
		wreg, fsr0l, fsr0h, status,2, status,0, pclath, cstack
 Tracked objects:
		On entry : 
		On exit  : 
		Unchanged: 
 Data sizes:     COMMON   BANK0   BANK1   BANK3   BANK2
      Params:         1       0       0       0       0
      Locals:         0       2       0       0       0
      Temps:          0       1       0       0       0
      Totals:         1       3       0       0       0
Total ram usage:        4 bytes
 Hardware stack levels used:    1
 Hardware stack levels required when called:    2
 This function calls:
		_fLCD_RawSend
 This function is called by:
		_main
 This function uses a non-reentrant model


 *************** function _fLCD_PrintNumber *****************
 Defined at:
		line 201 in file "chrono.c"
 Parameters:    Size  Location     Type
  Number          2    8[BANK0 ] short 
 Auto vars:     Size  Location     Type
  tmp_int         2   10[BANK0 ] short 
  tmp_byte        1   12[BANK0 ] unsigned char 
 Return value:  Size  Location     Type
		None               void
 Registers used:
		wreg, status,2, status,0, btemp+1, pclath, cstack
 Tracked objects:
		On entry : 
		On exit  : 
		Unchanged: 
 Data sizes:     COMMON   BANK0   BANK1   BANK3   BANK2
      Params:         0       2       0       0       0
      Locals:         0       3       0       0       0
      Temps:          1       0       0       0       0
      Totals:         1       5       0       0       0
Total ram usage:        6 bytes
 Hardware stack levels used:    1
 Hardware stack levels required when called:    2
 This function calls:
		_fLCD_RawSend
		___awdiv
 This function is called by:
		_main
 This function uses a non-reentrant model


 *************** function ___awdiv *****************
 Defined at:
		line 5 in file "C:\Program Files (x86)\Microchip\xc8\v1.20\sources\pic\awdiv.c"
 Parameters:    Size  Location     Type
  divisor         2    0[BANK0 ] int 
  dividend        2    2[BANK0 ] int 
 Auto vars:     Size  Location     Type
  quotient        2    6[BANK0 ] int 
  sign            1    5[BANK0 ] unsigned char 
  counter         1    4[BANK0 ] unsigned char 
 Return value:  Size  Location     Type
                  2    0[BANK0 ] int 
 Registers used:
		wreg, status,2, status,0
 Tracked objects:
		On entry : 
		On exit  : 
		Unchanged: 
 Data sizes:     COMMON   BANK0   BANK1   BANK3   BANK2
      Params:         0       4       0       0       0
      Locals:         0       4       0       0       0
      Temps:          1       0       0       0       0
      Totals:         1       8       0       0       0
Total ram usage:        9 bytes
 Hardware stack levels used:    1
 Hardware stack levels required when called:    1
 This function calls:
		Nothing
 This function is called by:
		_fLCD_PrintNumber
 This function uses a non-reentrant model


 *************** function _fLCD_Start *****************
 Defined at:
		line 83 in file "chrono.c"
 Parameters:    Size  Location     Type
		None
 Auto vars:     Size  Location     Type
		None
 Return value:  Size  Location     Type
		None               void
 Registers used:
		wreg, status,2, status,0, pclath, cstack
 Tracked objects:
		On entry : 
		On exit  : 
		Unchanged: 
 Data sizes:     COMMON   BANK0   BANK1   BANK3   BANK2
      Params:         0       0       0       0       0
      Locals:         0       0       0       0       0
      Temps:          0       2       0       0       0
      Totals:         0       2       0       0       0
Total ram usage:        2 bytes
 Hardware stack levels used:    1
 Hardware stack levels required when called:    3
 This function calls:
		_fLCD_RawSend
		_fLCD_Clear
 This function is called by:
		_main
 This function uses a non-reentrant model


 *************** function _fLCD_Clear *****************
 Defined at:
		line 147 in file "chrono.c"
 Parameters:    Size  Location     Type
		None
 Auto vars:     Size  Location     Type
		None
 Return value:  Size  Location     Type
		None               void
 Registers used:
		wreg, status,2, status,0, pclath, cstack
 Tracked objects:
		On entry : 
		On exit  : 
		Unchanged: 
 Data sizes:     COMMON   BANK0   BANK1   BANK3   BANK2
      Params:         0       0       0       0       0
      Locals:         0       0       0       0       0
      Temps:          0       2       0       0       0
      Totals:         0       2       0       0       0
Total ram usage:        2 bytes
 Hardware stack levels used:    1
 Hardware stack levels required when called:    2
 This function calls:
		_fLCD_RawSend
 This function is called by:
		_fLCD_Start
 This function uses a non-reentrant model


 *************** function _fLCD_RawSend *****************
 Defined at:
		line 103 in file "chrono.c"
 Parameters:    Size  Location     Type
  in              1    wreg     unsigned char 
  mask            1    4[COMMON] unsigned char 
 Auto vars:     Size  Location     Type
  in              1    2[BANK0 ] unsigned char 
  pt              1    3[BANK0 ] unsigned char 
 Return value:  Size  Location     Type
		None               void
 Registers used:
		wreg, status,2, status,0
 Tracked objects:
		On entry : 
		On exit  : 
		Unchanged: 
 Data sizes:     COMMON   BANK0   BANK1   BANK3   BANK2
      Params:         1       0       0       0       0
      Locals:         0       2       0       0       0
      Temps:          0       2       0       0       0
      Totals:         1       4       0       0       0
Total ram usage:        5 bytes
 Hardware stack levels used:    1
 Hardware stack levels required when called:    1
 This function calls:
		Nothing
 This function is called by:
		_fLCD_Start
		_fLCD_Clear
		_fLCD_PrintNumber
		_fLCD_PrintString
		_fLCD_PrintASCII
		_fLCD_Command
		_fLCD_Cursor
		_fLCD_ClearLine
 This function uses a non-reentrant model


 *************** function _startUp *****************
 Defined at:
		line 314 in file "chrono.c"
 Parameters:    Size  Location     Type
		None
 Auto vars:     Size  Location     Type
		None
 Return value:  Size  Location     Type
		None               void
 Registers used:
		wreg, fsr0l, fsr0h, fsr1l, fsr1h, fsr1l, fsr1h, status,2, status,0, btemp+1, pclath, cstack
 Tracked objects:
		On entry : 
		On exit  : 
		Unchanged: 
 Data sizes:     COMMON   BANK0   BANK1   BANK3   BANK2
      Params:         0       0       0       0       0
      Locals:         0       0       0       0       0
      Temps:          0       0       0       0       0
      Totals:         0       0       0       0       0
Total ram usage:        0 bytes
 Hardware stack levels used:    1
 Hardware stack levels required when called:    2
 This function calls:
		_initializeInt
		_initializeTimer0
		_initializeTimer1
 This function is called by:
		_main
 This function uses a non-reentrant model


 *************** function _initializeTimer1 *****************
 Defined at:
		line 368 in file "chrono.c"
 Parameters:    Size  Location     Type
		None
 Auto vars:     Size  Location     Type
		None
 Return value:  Size  Location     Type
		None               void
 Registers used:
		wreg, status,2, status,0
 Tracked objects:
		On entry : 
		On exit  : 
		Unchanged: 
 Data sizes:     COMMON   BANK0   BANK1   BANK3   BANK2
      Params:         0       0       0       0       0
      Locals:         0       0       0       0       0
      Temps:          0       0       0       0       0
      Totals:         0       0       0       0       0
Total ram usage:        0 bytes
 Hardware stack levels used:    1
 Hardware stack levels required when called:    1
 This function calls:
		Nothing
 This function is called by:
		_startUp
 This function uses a non-reentrant model


 *************** function _initializeTimer0 *****************
 Defined at:
		line 376 in file "chrono.c"
 Parameters:    Size  Location     Type
		None
 Auto vars:     Size  Location     Type
		None
 Return value:  Size  Location     Type
		None               void
 Registers used:
		wreg, status,2, status,0
 Tracked objects:
		On entry : 
		On exit  : 
		Unchanged: 
 Data sizes:     COMMON   BANK0   BANK1   BANK3   BANK2
      Params:         0       0       0       0       0
      Locals:         0       0       0       0       0
      Temps:          0       0       0       0       0
      Totals:         0       0       0       0       0
Total ram usage:        0 bytes
 Hardware stack levels used:    1
 Hardware stack levels required when called:    1
 This function calls:
		Nothing
 This function is called by:
		_startUp
 This function uses a non-reentrant model


 *************** function _initializeInt *****************
 Defined at:
		line 359 in file "chrono.c"
 Parameters:    Size  Location     Type
		None
 Auto vars:     Size  Location     Type
		None
 Return value:  Size  Location     Type
		None               void
 Registers used:
		None
 Tracked objects:
		On entry : 
		On exit  : 
		Unchanged: 
 Data sizes:     COMMON   BANK0   BANK1   BANK3   BANK2
      Params:         0       0       0       0       0
      Locals:         0       0       0       0       0
      Temps:          0       0       0       0       0
      Totals:         0       0       0       0       0
Total ram usage:        0 bytes
 Hardware stack levels used:    1
 Hardware stack levels required when called:    1
 This function calls:
		Nothing
 This function is called by:
		_startUp
 This function uses a non-reentrant model


 *************** function _isr *****************
 Defined at:
		line 336 in file "chrono.c"
 Parameters:    Size  Location     Type
		None
 Auto vars:     Size  Location     Type
		None
 Return value:  Size  Location     Type
		None               void
 Registers used:
		None
 Tracked objects:
		On entry : 
		On exit  : 
		Unchanged: 
 Data sizes:     COMMON   BANK0   BANK1   BANK3   BANK2
      Params:         0       0       0       0       0
      Locals:         0       0       0       0       0
      Temps:          4       0       0       0       0
      Totals:         4       0       0       0       0
Total ram usage:        4 bytes
 Hardware stack levels used:    1
 This function calls:
		Nothing
 This function is called by:
		Interrupt level 1
 This function uses a non-reentrant model



MODULE INFORMATION

Module		Function		Class		Link	Load	Size
C:\Program Files (x86)\Microchip\xc8\v1.20\sources\pic\awdiv.c
		___awdiv       		CODE           	01F9	0000	93

C:\Program Files (x86)\Microchip\xc8\v1.20\sources\pic\awdiv.c estimated size: 93

shared
		__stringtab    		STRING         	0307	0000	6
		__stringdata   		STRING         	030D	0000	4
		__initializatio		CODE           	0322	0000	4

shared estimated size: 14

chrono.c
		_startUp       		CODE           	02D7	0000	24
		_fLCD_Clear    		CODE           	02B6	0000	33
		_fLCD_Start    		CODE           	0129	0000	112
		_main          		CODE           	0256	0000	58
		_isr           		CODE           	02FC	0000	11
		_initializeTime		CODE           	0311	0000	9
		_initializeTime		CODE           	031A	0000	8
		_fLCD_RawSend  		CODE           	0199	0000	96
		_initializeInt 		CODE           	02EF	0000	13
		_fLCD_PrintStri		CODE           	0290	0000	38
		_fLCD_PrintNumb		CODE           	0013	0000	278

chrono.c estimated size: 680

