Microchip MPLAB XC8 Compiler V1.20 ()

Linker command line:

--edf=C:\Program Files (x86)\Microchip\xc8\v1.20\dat\en_msgs.txt -cs \
  -h+dist/default/production\Code.production.sym \
  --cmf=dist/default/production\Code.production.cmf -z -Q16F88 \
  -oC:\Users\Ryan\AppData\Local\Temp\s3hk.6 \
  -Mdist/default/production/Code.production.map -E1 -ver=XC8 \
  -ACONST=00h-0FFhx16 -ACODE=00h-07FFhx2 -ASTRCODE=00h-0FFFh \
  -AENTRY=00h-0FFhx16 -ASTRING=00h-0FFhx16 -ACOMMON=070h-07Fh \
  -ABANK0=020h-06Fh -ABANK1=0A0h-0EFh -ABANK2=0110h-016Fh \
  -ABANK3=0190h-01EFh -ARAM=020h-06Fh,0A0h-0EFh,0110h-016Fh,0190h-01EFh \
  -AABS1=020h-07Fh,0A0h-0EFh,0110h-016Fh,0190h-01EFh -ASFR0=00h-01Fh \
  -ASFR1=080h-09Fh -ASFR2=0100h-010Fh -ASFR3=0180h-018Fh \
  -preset_vec=00h,intentry=04h,init,end_init -ppowerup=CODE -pfunctab=CODE \
  -ACONFIG=02007h-02008h -pconfig=CONFIG -DCONFIG=2 -AIDLOC=02000h-02003h \
  -pidloc=IDLOC -DIDLOC=2 -AEEDATA=00h-0FFh/02100h -peeprom_data=EEDATA \
  -DEEDATA=2 -DCODE=2 -DSTRCODE=2 -DSTRING=2 -DCONST=2 -DENTRY=2 -k \
  C:\Users\Ryan\AppData\Local\Temp\s3hk.obj \
  dist/default/production\Code.production.obj 

Object code version is 3.11

Machine type is 16F88



                Name                               Link     Load   Length Selector   Space Scale
C:\Users\Ryan\AppData\Local\Temp\s3hk.obj
                end_init                             11       11        2        8       0
                reset_vec                             0        0        2        0       0
                config                             2007     2007        2     400E       0
dist/default/production\Code.production.obj
                intentry                              4        4        D        8       0
                text9                               153      153        F        8       0
                text8                               162      162        D        8       0
                text7                               17A      17A        9        8       0
                text6                               183      183        8        8       0
                text5                               13C      13C       17        8       0
                text4                                82       82       5F        8       0
                text3                               11B      11B       21        8       0
                text2                                13       13       6F        8       0
                text1                               16F      16F        B        8       0
                maintext                             E1       E1       3A        8       0
                cstackBANK0                          20       20        9       20       1
                cstackCOMMON                         70       70        8       70       1
                bssCOMMON                            78       78        2       70       1
                cinit                               18B      18B        5        8       0

TOTAL           Name                               Link     Load   Length     Space
        CLASS   CONST          

        CLASS   CODE           
                end_init                             11       11        2         0
                intentry                              4        4        D         0
                reset_vec                             0        0        2         0
                text9                               153      153        F         0
                text8                               162      162        D         0
                text7                               17A      17A        9         0
                text6                               183      183        8         0
                text5                               13C      13C       17         0
                text4                                82       82       5F         0
                text3                               11B      11B       21         0
                text2                                13       13       6F         0
                text1                               16F      16F        B         0
                maintext                             E1       E1       3A         0
                cinit                               18B      18B        5         0

        CLASS   STRCODE        

        CLASS   ENTRY          

        CLASS   STRING         

        CLASS   COMMON         
                cstackCOMMON                         70       70        8         1
                bssCOMMON                            78       78        2         1

        CLASS   BANK0          
                cstackBANK0                          20       20        9         1

        CLASS   BANK1          

        CLASS   BANK2          

        CLASS   BANK3          

        CLASS   RAM            

        CLASS   ABS1           
                abs_s1                               7E       7E        2         1

        CLASS   SFR0           

        CLASS   SFR1           

        CLASS   SFR2           

        CLASS   SFR3           

        CLASS   CONFIG         
                config                             2007     2007        2         0

        CLASS   IDLOC          

        CLASS   EEDATA         



SEGMENTS        Name                           Load    Length   Top    Selector   Space  Class     Delta

                reset_vec                      000000  000002  000002         0       0  CODE        2
                intentry                       000004  00018C  000190         8       0  CODE        2
                cstackBANK0                    000020  000009  000029        20       1  BANK0       1
                cstackCOMMON                   000070  00000A  00007A        70       1  COMMON      1
                config                         002007  000002  002009      400E       0  CONFIG      2


UNUSED ADDRESS RANGES

        Name                Unused          Largest block    Delta
        BANK0            0029-006F             47           1
        BANK1            00A0-00EF             50           1
        BANK2            0110-016F             60           1
        BANK3            0190-01EF             60           1
        CODE             0002-0003              2           2
                         0190-0FFF            670
        COMMON           007A-007D              4           1
        CONST            0002-0003              2           2
                         0190-0FFF            100
        EEDATA           2100-21FF            100           2
        ENTRY            0002-0003              2           2
                         0190-0FFF            100
        IDLOC            2000-2003              4           2
        RAM              0029-006F             47           1
                         00A0-00EF             50
                         0110-016F             60
                         0190-01EF             60
        SFR0             0000-001F             20           1
        SFR1             0080-009F             20           1
        SFR2             0100-010F             10           1
        SFR3             0180-018F             10           1
        STRCODE          0002-0003              2           2
                         0190-0FFF            E70
        STRING           0002-0003              2           2
                         0190-0FFF            100

                                  Symbol Table

?_fLCD_RawSend             cstackCOMMON 0074
_ANSEL                     (abs)        009B
_CMCON                     (abs)        009C
_GIE                       (abs)        005F
_INTCONbits                (abs)        000B
_OPTION_REG                (abs)        0081
_OPTION_REGbits            (abs)        0081
_OSCCON                    (abs)        008F
_PIE1bits                  (abs)        008C
_PIR1bits                  (abs)        000C
_PORTB                     (abs)        0006
_PORTBbits                 (abs)        0006
_T1CONbits                 (abs)        0010
_TMR0IE                    (abs)        005D
_TMR0IF                    (abs)        005A
_TMR1IE                    (abs)        0460
_TMR1IF                    (abs)        0060
_TRISB                     (abs)        0086
__CFG_BOREN$OFF            (abs)        0000
__CFG_CCPMX$RB0            (abs)        0000
__CFG_CP$OFF               (abs)        0000
__CFG_CPD$OFF              (abs)        0000
__CFG_FCMEN$ON             (abs)        0000
__CFG_FOSC$INTOSCIO        (abs)        0000
__CFG_IESO$ON              (abs)        0000
__CFG_LVP$OFF              (abs)        0000
__CFG_MCLRE$ON             (abs)        0000
__CFG_PWRTE$OFF            (abs)        0000
__CFG_WDTE$OFF             (abs)        0000
__CFG_WRT$OFF              (abs)        0000
__Habs1                    abs1         0000
__Hbank0                   bank0        0000
__Hbank1                   bank1        0000
__Hbank2                   bank2        0000
__Hbank3                   bank3        0000
__HbssCOMMON               bssCOMMON    0000
__Hcinit                   cinit        0000
__Hclrtext                 clrtext      0000
__Hcode                    code         0000
__Hcommon                  common       0000
__Hconfig                  config       2009
__HcstackBANK0             cstackBANK0  0000
__HcstackCOMMON            cstackCOMMON 0000
__Heeprom_data             eeprom_data  0000
__Hend_init                end_init     0013
__Hfunctab                 functab      0000
__Hidloc                   idloc        0000
__Hinit                    init         0011
__Hintentry                intentry     0011
__Hmaintext                maintext     0000
__Hpowerup                 powerup      0000
__Hram                     ram          0000
__Hreset_vec               reset_vec    0002
__Hsfr0                    sfr0         0000
__Hsfr1                    sfr1         0000
__Hsfr2                    sfr2         0000
__Hsfr3                    sfr3         0000
__Hstrings                 strings      0000
__Htext                    text         0000
__Labs1                    abs1         0000
__Lbank0                   bank0        0000
__Lbank1                   bank1        0000
__Lbank2                   bank2        0000
__Lbank3                   bank3        0000
__LbssCOMMON               bssCOMMON    0000
__Lcinit                   cinit        0000
__Lclrtext                 clrtext      0000
__Lcode                    code         0000
__Lcommon                  common       0000
__Lconfig                  config       2007
__LcstackBANK0             cstackBANK0  0000
__LcstackCOMMON            cstackCOMMON 0000
__Leeprom_data             eeprom_data  0000
__Lend_init                end_init     0011
__Lfunctab                 functab      0000
__Lidloc                   idloc        0000
__Linit                    init         0011
__Lintentry                intentry     0004
__Lmaintext                maintext     0000
__Lpowerup                 powerup      0000
__Lram                     ram          0000
__Lreset_vec               reset_vec    0000
__Lsfr0                    sfr0         0000
__Lsfr1                    sfr1         0000
__Lsfr2                    sfr2         0000
__Lsfr3                    sfr3         0000
__Lstrings                 strings      0000
__Ltext                    text         0000
__S0                       (abs)        2009
__S1                       (abs)        007A
__S3                       (abs)        0000
___latbits                 (abs)        0001
__end_of__initialization   cinit        018D
__end_of_fLCD_Clear        text3        013C
__end_of_fLCD_PrintASCII   text1        017A
__end_of_fLCD_RawSend      text4        00E1
__end_of_fLCD_Start        text2        0082
__end_of_initializeInt     text8        016F
__end_of_initializeTimer0  text7        0183
__end_of_initializeTimer1  text6        018B
__end_of_isr               text9        0162
__end_of_main              maintext     011B
__end_of_startUp           text5        0153
__initialization           cinit        018B
__pbssCOMMON               bssCOMMON    0078
__pcstackBANK0             cstackBANK0  0020
__pcstackCOMMON            cstackCOMMON 0070
__pintentry                intentry     0004
__pmaintext                maintext     00E1
__ptext0                   text0        0000
__ptext1                   text1        016F
__ptext2                   text2        0013
__ptext3                   text3        011B
__ptext4                   text4        0082
__ptext5                   text5        013C
__ptext6                   text6        0183
__ptext7                   text7        017A
__ptext8                   text8        0162
__ptext9                   text9        0153
__size_of_fLCD_Clear       (abs)        0000
__size_of_fLCD_PrintASCII  (abs)        0000
__size_of_fLCD_RawSend     (abs)        0000
__size_of_fLCD_Start       (abs)        0000
__size_of_initializeInt    (abs)        0000
__size_of_initializeTimer0 (abs)        0000
__size_of_initializeTimer1 (abs)        0000
__size_of_isr              (abs)        0000
__size_of_main             (abs)        0000
__size_of_startUp          (abs)        0000
_fLCD_Clear                text3        011B
_fLCD_PrintASCII           text1        016F
_fLCD_RawSend              text4        0082
_fLCD_Start                text2        0013
_initializeInt             text8        0162
_initializeTimer0          text7        017A
_initializeTimer1          text6        0183
_isr                       text9        0153
_main                      maintext     00E1
_startUp                   text5        013C
_tflag                     bssCOMMON    0078
btemp                      (abs)        007E
end_of_initialization      cinit        018D
fLCD_PrintASCII@Character  cstackBANK0  0022
fLCD_RawSend@in            cstackBANK0  0020
fLCD_RawSend@mask          cstackCOMMON 0074
fLCD_RawSend@pt            cstackBANK0  0021
interrupt_function         intentry     0004
intlevel0                  functab      0000
intlevel1                  functab      0000
intlevel2                  functab      0000
intlevel3                  functab      0000
intlevel4                  functab      0000
intlevel5                  functab      0000
reset_vec                  reset_vec    0000
saved_w                    (abs)        007E
start                      init         0011
start_initialization       cinit        018B
wtemp0                     (abs)        007E


FUNCTION INFORMATION:

 *************** function _main *****************
 Defined at:
		line 59 in file "chrono.c"
 Parameters:    Size  Location     Type
		None
 Auto vars:     Size  Location     Type
		None
 Return value:  Size  Location     Type
		None               void
 Registers used:
		wreg, fsr0l, fsr0h, fsr1l, fsr1h, fsr1l, fsr1h, status,2, status,0, btemp+1, pclath, cstack
 Tracked objects:
		On entry : 
		On exit  : 
		Unchanged: 
 Data sizes:     COMMON   BANK0   BANK1   BANK3   BANK2
      Params:         0       0       0       0       0
      Locals:         0       0       0       0       0
      Temps:          0       3       0       0       0
      Totals:         0       3       0       0       0
Total ram usage:        3 bytes
 Hardware stack levels required when called:    4
 This function calls:
		_startUp
		_initializeInt
		_initializeTimer0
		_initializeTimer1
		_fLCD_Start
		_fLCD_PrintASCII
 This function is called by:
		Startup code after reset
 This function uses a non-reentrant model


 *************** function _fLCD_PrintASCII *****************
 Defined at:
		line 152 in file "chrono.c"
 Parameters:    Size  Location     Type
  Character       1    wreg     unsigned char 
 Auto vars:     Size  Location     Type
  Character       1    2[BANK0 ] unsigned char 
 Return value:  Size  Location     Type
		None               void
 Registers used:
		wreg, status,2, status,0, pclath, cstack
 Tracked objects:
		On entry : 
		On exit  : 
		Unchanged: 
 Data sizes:     COMMON   BANK0   BANK1   BANK3   BANK2
      Params:         0       0       0       0       0
      Locals:         0       1       0       0       0
      Temps:          1       0       0       0       0
      Totals:         1       1       0       0       0
Total ram usage:        2 bytes
 Hardware stack levels used:    1
 Hardware stack levels required when called:    2
 This function calls:
		_fLCD_RawSend
 This function is called by:
		_main
 This function uses a non-reentrant model


 *************** function _fLCD_Start *****************
 Defined at:
		line 82 in file "chrono.c"
 Parameters:    Size  Location     Type
		None
 Auto vars:     Size  Location     Type
		None
 Return value:  Size  Location     Type
		None               void
 Registers used:
		wreg, status,2, status,0, pclath, cstack
 Tracked objects:
		On entry : 
		On exit  : 
		Unchanged: 
 Data sizes:     COMMON   BANK0   BANK1   BANK3   BANK2
      Params:         0       0       0       0       0
      Locals:         0       0       0       0       0
      Temps:          0       2       0       0       0
      Totals:         0       2       0       0       0
Total ram usage:        2 bytes
 Hardware stack levels used:    1
 Hardware stack levels required when called:    3
 This function calls:
		_fLCD_RawSend
		_fLCD_Clear
 This function is called by:
		_main
 This function uses a non-reentrant model


 *************** function _fLCD_Clear *****************
 Defined at:
		line 144 in file "chrono.c"
 Parameters:    Size  Location     Type
		None
 Auto vars:     Size  Location     Type
		None
 Return value:  Size  Location     Type
		None               void
 Registers used:
		wreg, status,2, status,0, pclath, cstack
 Tracked objects:
		On entry : 
		On exit  : 
		Unchanged: 
 Data sizes:     COMMON   BANK0   BANK1   BANK3   BANK2
      Params:         0       0       0       0       0
      Locals:         0       0       0       0       0
      Temps:          0       2       0       0       0
      Totals:         0       2       0       0       0
Total ram usage:        2 bytes
 Hardware stack levels used:    1
 Hardware stack levels required when called:    2
 This function calls:
		_fLCD_RawSend
 This function is called by:
		_fLCD_Start
 This function uses a non-reentrant model


 *************** function _fLCD_RawSend *****************
 Defined at:
		line 101 in file "chrono.c"
 Parameters:    Size  Location     Type
  in              1    wreg     unsigned char 
  mask            1    4[COMMON] unsigned char 
 Auto vars:     Size  Location     Type
  in              1    0[BANK0 ] unsigned char 
  pt              1    1[BANK0 ] unsigned char 
 Return value:  Size  Location     Type
		None               void
 Registers used:
		wreg, status,2, status,0
 Tracked objects:
		On entry : 
		On exit  : 
		Unchanged: 
 Data sizes:     COMMON   BANK0   BANK1   BANK3   BANK2
      Params:         1       0       0       0       0
      Locals:         0       2       0       0       0
      Temps:          2       0       0       0       0
      Totals:         3       2       0       0       0
Total ram usage:        5 bytes
 Hardware stack levels used:    1
 Hardware stack levels required when called:    1
 This function calls:
		Nothing
 This function is called by:
		_fLCD_Start
		_fLCD_Clear
		_fLCD_PrintASCII
		_fLCD_Command
		_fLCD_Cursor
		_fLCD_PrintNumber
		_fLCD_PrintString
		_fLCD_ClearLine
 This function uses a non-reentrant model


 *************** function _startUp *****************
 Defined at:
		line 315 in file "chrono.c"
 Parameters:    Size  Location     Type
		None
 Auto vars:     Size  Location     Type
		None
 Return value:  Size  Location     Type
		None               void
 Registers used:
		wreg, fsr0l, fsr0h, fsr1l, fsr1h, fsr1l, fsr1h, status,2, status,0, btemp+1, pclath, cstack
 Tracked objects:
		On entry : 
		On exit  : 
		Unchanged: 
 Data sizes:     COMMON   BANK0   BANK1   BANK3   BANK2
      Params:         0       0       0       0       0
      Locals:         0       0       0       0       0
      Temps:          0       0       0       0       0
      Totals:         0       0       0       0       0
Total ram usage:        0 bytes
 Hardware stack levels used:    1
 Hardware stack levels required when called:    2
 This function calls:
		_initializeInt
		_initializeTimer0
		_initializeTimer1
 This function is called by:
		_main
 This function uses a non-reentrant model


 *************** function _initializeTimer1 *****************
 Defined at:
		line 357 in file "chrono.c"
 Parameters:    Size  Location     Type
		None
 Auto vars:     Size  Location     Type
		None
 Return value:  Size  Location     Type
		None               void
 Registers used:
		wreg, status,2, status,0
 Tracked objects:
		On entry : 
		On exit  : 
		Unchanged: 
 Data sizes:     COMMON   BANK0   BANK1   BANK3   BANK2
      Params:         0       0       0       0       0
      Locals:         0       0       0       0       0
      Temps:          0       0       0       0       0
      Totals:         0       0       0       0       0
Total ram usage:        0 bytes
 Hardware stack levels used:    1
 Hardware stack levels required when called:    1
 This function calls:
		Nothing
 This function is called by:
		_main
		_startUp
 This function uses a non-reentrant model


 *************** function _initializeTimer0 *****************
 Defined at:
		line 365 in file "chrono.c"
 Parameters:    Size  Location     Type
		None
 Auto vars:     Size  Location     Type
		None
 Return value:  Size  Location     Type
		None               void
 Registers used:
		wreg, status,2, status,0
 Tracked objects:
		On entry : 
		On exit  : 
		Unchanged: 
 Data sizes:     COMMON   BANK0   BANK1   BANK3   BANK2
      Params:         0       0       0       0       0
      Locals:         0       0       0       0       0
      Temps:          0       0       0       0       0
      Totals:         0       0       0       0       0
Total ram usage:        0 bytes
 Hardware stack levels used:    1
 Hardware stack levels required when called:    1
 This function calls:
		Nothing
 This function is called by:
		_main
		_startUp
 This function uses a non-reentrant model


 *************** function _initializeInt *****************
 Defined at:
		line 348 in file "chrono.c"
 Parameters:    Size  Location     Type
		None
 Auto vars:     Size  Location     Type
		None
 Return value:  Size  Location     Type
		None               void
 Registers used:
		None
 Tracked objects:
		On entry : 
		On exit  : 
		Unchanged: 
 Data sizes:     COMMON   BANK0   BANK1   BANK3   BANK2
      Params:         0       0       0       0       0
      Locals:         0       0       0       0       0
      Temps:          0       0       0       0       0
      Totals:         0       0       0       0       0
Total ram usage:        0 bytes
 Hardware stack levels used:    1
 Hardware stack levels required when called:    1
 This function calls:
		Nothing
 This function is called by:
		_main
		_startUp
 This function uses a non-reentrant model


 *************** function _isr *****************
 Defined at:
		line 335 in file "chrono.c"
 Parameters:    Size  Location     Type
		None
 Auto vars:     Size  Location     Type
		None
 Return value:  Size  Location     Type
		None               void
 Registers used:
		None
 Tracked objects:
		On entry : 
		On exit  : 
		Unchanged: 
 Data sizes:     COMMON   BANK0   BANK1   BANK3   BANK2
      Params:         0       0       0       0       0
      Locals:         0       0       0       0       0
      Temps:          4       0       0       0       0
      Totals:         4       0       0       0       0
Total ram usage:        4 bytes
 Hardware stack levels used:    1
 This function calls:
		Nothing
 This function is called by:
		Interrupt level 1
 This function uses a non-reentrant model



MODULE INFORMATION

Module		Function		Class		Link	Load	Size
shared
		__initializatio		CODE           	018B	0000	2

shared estimated size: 2

chrono.c
		_startUp       		CODE           	013C	0000	23
		_fLCD_PrintASCI		CODE           	016F	0000	11
		_fLCD_Clear    		CODE           	011B	0000	33
		_fLCD_Start    		CODE           	0013	0000	111
		_main          		CODE           	00E1	0000	58
		_isr           		CODE           	0153	0000	15
		_initializeTime		CODE           	017A	0000	9
		_initializeTime		CODE           	0183	0000	8
		_fLCD_RawSend  		CODE           	0082	0000	95
		_initializeInt 		CODE           	0162	0000	13

chrono.c estimated size: 376

