Microchip MPLAB XC8 Compiler V1.20 ()

Linker command line:

--edf=C:\Program Files (x86)\Microchip\xc8\v1.20\dat\en_msgs.txt -cs \
  -h+dist/default/production\Code.production.sym \
  --cmf=dist/default/production\Code.production.cmf -z -Q16F88 \
  -oC:\Users\Ryan\AppData\Local\Temp\s30g.6 \
  -Mdist/default/production/Code.production.map -E1 -ver=XC8 \
  -ACONST=00h-0FFhx16 -ACODE=00h-07FFhx2 -ASTRCODE=00h-0FFFh \
  -AENTRY=00h-0FFhx16 -ASTRING=00h-0FFhx16 -ACOMMON=070h-07Fh \
  -ABANK0=020h-06Fh -ABANK1=0A0h-0EFh -ABANK2=0110h-016Fh \
  -ABANK3=0190h-01EFh -ARAM=020h-06Fh,0A0h-0EFh,0110h-016Fh,0190h-01EFh \
  -AABS1=020h-07Fh,0A0h-0EFh,0110h-016Fh,0190h-01EFh -ASFR0=00h-01Fh \
  -ASFR1=080h-09Fh -ASFR2=0100h-010Fh -ASFR3=0180h-018Fh \
  -preset_vec=00h,intentry=04h,init,end_init -ppowerup=CODE -pfunctab=CODE \
  -ACONFIG=02007h-02008h -pconfig=CONFIG -DCONFIG=2 -AIDLOC=02000h-02003h \
  -pidloc=IDLOC -DIDLOC=2 -AEEDATA=00h-0FFh/02100h -peeprom_data=EEDATA \
  -DEEDATA=2 -DCODE=2 -DSTRCODE=2 -DSTRING=2 -DCONST=2 -DENTRY=2 -k \
  C:\Users\Ryan\AppData\Local\Temp\s30g.obj \
  dist/default/production\Code.production.obj 

Object code version is 3.11

Machine type is 16F88



                Name                               Link     Load   Length Selector   Space Scale
C:\Users\Ryan\AppData\Local\Temp\s30g.obj
                end_init                             11       11        2        8       0
                reset_vec                             0        0        2        0       0
                config                             2007     2007        2     400E       0
dist/default/production\Code.production.obj
                intentry                              4        4        D        8       0
                text5                                B7       B7       15        8       0
                text4                                DE       DE        D        8       0
                text3                                EB       EB        9        8       0
                text2                                F4       F4        8        8       0
                text1                                CC       CC       12        8       0
                maintext                             13       13       A4        8       0
                cstackBANK0                          20       20       12       20       1
                cstackCOMMON                         70       70        4       70       1
                bssBANK0                             32       32        2       20       1
                cinit                                FC       FC        5        8       0

TOTAL           Name                               Link     Load   Length     Space
        CLASS   CONST          

        CLASS   CODE           
                end_init                             11       11        2         0
                intentry                              4        4        D         0
                reset_vec                             0        0        2         0
                text5                                B7       B7       15         0
                text4                                DE       DE        D         0
                text3                                EB       EB        9         0
                text2                                F4       F4        8         0
                text1                                CC       CC       12         0
                maintext                             13       13       A4         0
                cinit                                FC       FC        5         0

        CLASS   STRCODE        

        CLASS   ENTRY          

        CLASS   STRING         

        CLASS   COMMON         
                cstackCOMMON                         70       70        4         1

        CLASS   BANK0          
                cstackBANK0                          20       20       12         1
                bssBANK0                             32       32        2         1

        CLASS   BANK1          

        CLASS   BANK2          

        CLASS   BANK3          

        CLASS   RAM            

        CLASS   ABS1           
                abs_s1                               7E       7E        2         1

        CLASS   SFR0           

        CLASS   SFR1           

        CLASS   SFR2           

        CLASS   SFR3           

        CLASS   CONFIG         
                config                             2007     2007        2         0

        CLASS   IDLOC          

        CLASS   EEDATA         



SEGMENTS        Name                           Load    Length   Top    Selector   Space  Class     Delta

                reset_vec                      000000  000002  000002         0       0  CODE        2
                intentry                       000004  0000FD  000101         8       0  CODE        2
                cstackBANK0                    000020  000014  000034        20       1  BANK0       1
                cstackCOMMON                   000070  000004  000074        70       1  COMMON      1
                config                         002007  000002  002009      400E       0  CONFIG      2


UNUSED ADDRESS RANGES

        Name                Unused          Largest block    Delta
        BANK0            0034-006F             3C           1
        BANK1            00A0-00EF             50           1
        BANK2            0110-016F             60           1
        BANK3            0190-01EF             60           1
        CODE             0002-0003              2           2
                         0101-0FFF            6FF
        COMMON           0074-007D              A           1
        CONST            0002-0003              2           2
                         0101-0FFF            100
        EEDATA           2100-21FF            100           2
        ENTRY            0002-0003              2           2
                         0101-0FFF            100
        IDLOC            2000-2003              4           2
        RAM              0034-006F             3C           1
                         00A0-00EF             50
                         0110-016F             60
                         0190-01EF             60
        SFR0             0000-001F             20           1
        SFR1             0080-009F             20           1
        SFR2             0100-010F             10           1
        SFR3             0180-018F             10           1
        STRCODE          0002-0003              2           2
                         0101-0FFF            EFF
        STRING           0002-0003              2           2
                         0101-0FFF            100

                                  Symbol Table

_GIE                       (abs)        005F
_INTCONbits                (abs)        000B
_OPTION_REGbits            (abs)        0081
_OSCCON                    (abs)        008F
_PIE1bits                  (abs)        008C
_PIR1bits                  (abs)        000C
_PORTB                     (abs)        0006
_PORTBbits                 (abs)        0006
_T1CONbits                 (abs)        0010
_TMR0                      (abs)        0001
_TMR0IE                    (abs)        005D
_TMR0IF                    (abs)        005A
_TMR1IE                    (abs)        0460
_TMR1IF                    (abs)        0060
_TRISB                     (abs)        0086
__CFG_BOREN$ON             (abs)        0000
__CFG_CCPMX$RB0            (abs)        0000
__CFG_CP$OFF               (abs)        0000
__CFG_CPD$OFF              (abs)        0000
__CFG_FCMEN$OFF            (abs)        0000
__CFG_FOSC$INTOSCIO        (abs)        0000
__CFG_IESO$OFF             (abs)        0000
__CFG_LVP$OFF              (abs)        0000
__CFG_MCLRE$OFF            (abs)        0000
__CFG_PWRTE$OFF            (abs)        0000
__CFG_WDTE$OFF             (abs)        0000
__CFG_WRT$OFF              (abs)        0000
__Habs1                    abs1         0000
__Hbank0                   bank0        0000
__Hbank1                   bank1        0000
__Hbank2                   bank2        0000
__Hbank3                   bank3        0000
__HbssBANK0                bssBANK0     0000
__Hcinit                   cinit        0000
__Hclrtext                 clrtext      0000
__Hcode                    code         0000
__Hcommon                  common       0000
__Hconfig                  config       2009
__HcstackBANK0             cstackBANK0  0000
__HcstackCOMMON            cstackCOMMON 0000
__Heeprom_data             eeprom_data  0000
__Hend_init                end_init     0013
__Hfunctab                 functab      0000
__Hidloc                   idloc        0000
__Hinit                    init         0011
__Hintentry                intentry     0011
__Hmaintext                maintext     0000
__Hpowerup                 powerup      0000
__Hram                     ram          0000
__Hreset_vec               reset_vec    0002
__Hsfr0                    sfr0         0000
__Hsfr1                    sfr1         0000
__Hsfr2                    sfr2         0000
__Hsfr3                    sfr3         0000
__Hstrings                 strings      0000
__Htext                    text         0000
__Labs1                    abs1         0000
__Lbank0                   bank0        0000
__Lbank1                   bank1        0000
__Lbank2                   bank2        0000
__Lbank3                   bank3        0000
__LbssBANK0                bssBANK0     0000
__Lcinit                   cinit        0000
__Lclrtext                 clrtext      0000
__Lcode                    code         0000
__Lcommon                  common       0000
__Lconfig                  config       2007
__LcstackBANK0             cstackBANK0  0000
__LcstackCOMMON            cstackCOMMON 0000
__Leeprom_data             eeprom_data  0000
__Lend_init                end_init     0011
__Lfunctab                 functab      0000
__Lidloc                   idloc        0000
__Linit                    init         0011
__Lintentry                intentry     0004
__Lmaintext                maintext     0000
__Lpowerup                 powerup      0000
__Lram                     ram          0000
__Lreset_vec               reset_vec    0000
__Lsfr0                    sfr0         0000
__Lsfr1                    sfr1         0000
__Lsfr2                    sfr2         0000
__Lsfr3                    sfr3         0000
__Lstrings                 strings      0000
__Ltext                    text         0000
__S0                       (abs)        2009
__S1                       (abs)        0074
__S3                       (abs)        0000
___latbits                 (abs)        0001
__end_of__initialization   cinit        00FE
__end_of_initializeInt     text4        00EB
__end_of_initializeTimer0  text3        00F4
__end_of_initializeTimer1  text2        00FC
__end_of_isr               text5        00CC
__end_of_main              maintext     00B7
__end_of_startUp           text1        00DE
__initialization           cinit        00FC
__pbssBANK0                bssBANK0     0032
__pcstackBANK0             cstackBANK0  0020
__pcstackCOMMON            cstackCOMMON 0070
__pintentry                intentry     0004
__pmaintext                maintext     0013
__ptext0                   text0        0000
__ptext1                   text1        00CC
__ptext2                   text2        00F4
__ptext3                   text3        00EB
__ptext4                   text4        00DE
__ptext5                   text5        00B7
__size_of_initializeInt    (abs)        0000
__size_of_initializeTimer0 (abs)        0000
__size_of_initializeTimer1 (abs)        0000
__size_of_isr              (abs)        0000
__size_of_main             (abs)        0000
__size_of_startUp          (abs)        0000
_initializeInt             text4        00DE
_initializeTimer0          text3        00EB
_initializeTimer1          text2        00F4
_isr                       text5        00B7
_main                      maintext     0013
_startUp                   text1        00CC
_tflag                     bssBANK0     0032
btemp                      (abs)        007E
end_of_initialization      cinit        00FE
interrupt_function         intentry     0004
intlevel0                  functab      0000
intlevel1                  functab      0000
intlevel2                  functab      0000
intlevel3                  functab      0000
intlevel4                  functab      0000
intlevel5                  functab      0000
main@counter               cstackBANK0  0020
main@fivef                 cstackBANK0  002A
main@fivemin               cstackBANK0  0030
main@t1counter             cstackBANK0  002C
main@t2counter             cstackBANK0  002E
main@team1                 cstackBANK0  0022
main@team1count            cstackBANK0  0026
main@team2                 cstackBANK0  0024
main@team2count            cstackBANK0  0028
reset_vec                  reset_vec    0000
saved_w                    (abs)        007E
start                      init         0011
start_initialization       cinit        00FC
wtemp0                     (abs)        007E


FUNCTION INFORMATION:

 *************** function _main *****************
 Defined at:
		line 42 in file "ctf.c"
 Parameters:    Size  Location     Type
		None
 Auto vars:     Size  Location     Type
  fivemin         2   16[BANK0 ] int 
  t2counter       2   14[BANK0 ] int 
  t1counter       2   12[BANK0 ] int 
  fivef           2   10[BANK0 ] int 
  team2count      2    8[BANK0 ] int 
  team1count      2    6[BANK0 ] int 
  team2           2    4[BANK0 ] int 
  team1           2    2[BANK0 ] int 
  counter         2    0[BANK0 ] int 
 Return value:  Size  Location     Type
		None               void
 Registers used:
		wreg, fsr0l, fsr0h, fsr1l, fsr1h, fsr1l, fsr1h, status,2, status,0, btemp+1, pclath, cstack
 Tracked objects:
		On entry : 
		On exit  : 
		Unchanged: 
 Data sizes:     COMMON   BANK0   BANK1   BANK3   BANK2
      Params:         0       0       0       0       0
      Locals:         0      18       0       0       0
      Temps:          0       0       0       0       0
      Totals:         0      18       0       0       0
Total ram usage:       18 bytes
 Hardware stack levels required when called:    3
 This function calls:
		_startUp
 This function is called by:
		Startup code after reset
 This function uses a non-reentrant model


 *************** function _startUp *****************
 Defined at:
		line 116 in file "ctf.c"
 Parameters:    Size  Location     Type
		None
 Auto vars:     Size  Location     Type
		None
 Return value:  Size  Location     Type
		None               void
 Registers used:
		wreg, status,2, status,0, pclath, cstack
 Tracked objects:
		On entry : 
		On exit  : 
		Unchanged: 
 Data sizes:     COMMON   BANK0   BANK1   BANK3   BANK2
      Params:         0       0       0       0       0
      Locals:         0       0       0       0       0
      Temps:          0       0       0       0       0
      Totals:         0       0       0       0       0
Total ram usage:        0 bytes
 Hardware stack levels used:    1
 Hardware stack levels required when called:    2
 This function calls:
		_initializeInt
		_initializeTimer0
		_initializeTimer1
 This function is called by:
		_main
 This function uses a non-reentrant model


 *************** function _initializeTimer1 *****************
 Defined at:
		line 156 in file "ctf.c"
 Parameters:    Size  Location     Type
		None
 Auto vars:     Size  Location     Type
		None
 Return value:  Size  Location     Type
		None               void
 Registers used:
		wreg, status,2, status,0
 Tracked objects:
		On entry : 
		On exit  : 
		Unchanged: 
 Data sizes:     COMMON   BANK0   BANK1   BANK3   BANK2
      Params:         0       0       0       0       0
      Locals:         0       0       0       0       0
      Temps:          0       0       0       0       0
      Totals:         0       0       0       0       0
Total ram usage:        0 bytes
 Hardware stack levels used:    1
 Hardware stack levels required when called:    1
 This function calls:
		Nothing
 This function is called by:
		_startUp
 This function uses a non-reentrant model


 *************** function _initializeTimer0 *****************
 Defined at:
		line 163 in file "ctf.c"
 Parameters:    Size  Location     Type
		None
 Auto vars:     Size  Location     Type
		None
 Return value:  Size  Location     Type
		None               void
 Registers used:
		wreg, status,2, status,0
 Tracked objects:
		On entry : 
		On exit  : 
		Unchanged: 
 Data sizes:     COMMON   BANK0   BANK1   BANK3   BANK2
      Params:         0       0       0       0       0
      Locals:         0       0       0       0       0
      Temps:          0       0       0       0       0
      Totals:         0       0       0       0       0
Total ram usage:        0 bytes
 Hardware stack levels used:    1
 Hardware stack levels required when called:    1
 This function calls:
		Nothing
 This function is called by:
		_startUp
 This function uses a non-reentrant model


 *************** function _initializeInt *****************
 Defined at:
		line 147 in file "ctf.c"
 Parameters:    Size  Location     Type
		None
 Auto vars:     Size  Location     Type
		None
 Return value:  Size  Location     Type
		None               void
 Registers used:
		None
 Tracked objects:
		On entry : 
		On exit  : 
		Unchanged: 
 Data sizes:     COMMON   BANK0   BANK1   BANK3   BANK2
      Params:         0       0       0       0       0
      Locals:         0       0       0       0       0
      Temps:          0       0       0       0       0
      Totals:         0       0       0       0       0
Total ram usage:        0 bytes
 Hardware stack levels used:    1
 Hardware stack levels required when called:    1
 This function calls:
		Nothing
 This function is called by:
		_startUp
 This function uses a non-reentrant model


 *************** function _isr *****************
 Defined at:
		line 131 in file "ctf.c"
 Parameters:    Size  Location     Type
		None
 Auto vars:     Size  Location     Type
		None
 Return value:  Size  Location     Type
		None               void
 Registers used:
		wreg, status,2
 Tracked objects:
		On entry : 
		On exit  : 
		Unchanged: 
 Data sizes:     COMMON   BANK0   BANK1   BANK3   BANK2
      Params:         0       0       0       0       0
      Locals:         0       0       0       0       0
      Temps:          4       0       0       0       0
      Totals:         4       0       0       0       0
Total ram usage:        4 bytes
 Hardware stack levels used:    1
 This function calls:
		Nothing
 This function is called by:
		Interrupt level 1
 This function uses a non-reentrant model



MODULE INFORMATION

Module		Function		Class		Link	Load	Size
shared
		__initializatio		CODE           	00FC	0000	2

shared estimated size: 2

ctf.c
		_startUp       		CODE           	00CC	0000	18
		_main          		CODE           	0013	0000	164
		_isr           		CODE           	00B7	0000	21
		_initializeTime		CODE           	00EB	0000	9
		_initializeTime		CODE           	00F4	0000	8
		_initializeInt 		CODE           	00DE	0000	13

ctf.c estimated size: 233

